Archive member included because of file (symbol)

c:/program files (x86)/mhv avr tools/bin/../lib/gcc/avr/4.8.2/../../../../avr/lib/avr5\libm.a(fixsfsi.o)
                              .build/obj_atreus62_ernest/common/mousekey.o (__fixsfsi)
c:/program files (x86)/mhv avr tools/bin/../lib/gcc/avr/4.8.2/../../../../avr/lib/avr5\libm.a(fixunssfsi.o)
                              c:/program files (x86)/mhv avr tools/bin/../lib/gcc/avr/4.8.2/../../../../avr/lib/avr5\libm.a(fixsfsi.o) (__fixunssfsi)
c:/program files (x86)/mhv avr tools/bin/../lib/gcc/avr/4.8.2/../../../../avr/lib/avr5\libm.a(floatsisf.o)
                              .build/obj_atreus62_ernest/common/mousekey.o (__floatsisf)
c:/program files (x86)/mhv avr tools/bin/../lib/gcc/avr/4.8.2/../../../../avr/lib/avr5\libm.a(fp_split3.o)
                              c:/program files (x86)/mhv avr tools/bin/../lib/gcc/avr/4.8.2/../../../../avr/lib/avr5\libm.a(fixunssfsi.o) (__fp_splitA)
c:/program files (x86)/mhv avr tools/bin/../lib/gcc/avr/4.8.2/../../../../avr/lib/avr5\libm.a(fp_zero.o)
                              c:/program files (x86)/mhv avr tools/bin/../lib/gcc/avr/4.8.2/../../../../avr/lib/avr5\libm.a(fixunssfsi.o) (__fp_zero)
c:/program files (x86)/mhv avr tools/bin/../lib/gcc/avr/4.8.2/../../../../avr/lib/avr5\libm.a(mulsf3.o)
                              .build/obj_atreus62_ernest/common/mousekey.o (__mulsf3)
c:/program files (x86)/mhv avr tools/bin/../lib/gcc/avr/4.8.2/../../../../avr/lib/avr5\libm.a(mulsf3x.o)
                              c:/program files (x86)/mhv avr tools/bin/../lib/gcc/avr/4.8.2/../../../../avr/lib/avr5\libm.a(mulsf3.o) (__mulsf3x)
c:/program files (x86)/mhv avr tools/bin/../lib/gcc/avr/4.8.2/../../../../avr/lib/avr5\libm.a(fp_inf.o)
                              c:/program files (x86)/mhv avr tools/bin/../lib/gcc/avr/4.8.2/../../../../avr/lib/avr5\libm.a(mulsf3x.o) (__fp_inf)
c:/program files (x86)/mhv avr tools/bin/../lib/gcc/avr/4.8.2/../../../../avr/lib/avr5\libm.a(fp_nan.o)
                              c:/program files (x86)/mhv avr tools/bin/../lib/gcc/avr/4.8.2/../../../../avr/lib/avr5\libm.a(mulsf3x.o) (__fp_nan)
c:/program files (x86)/mhv avr tools/bin/../lib/gcc/avr/4.8.2/../../../../avr/lib/avr5\libm.a(fp_pscA.o)
                              c:/program files (x86)/mhv avr tools/bin/../lib/gcc/avr/4.8.2/../../../../avr/lib/avr5\libm.a(mulsf3x.o) (__fp_pscA)
c:/program files (x86)/mhv avr tools/bin/../lib/gcc/avr/4.8.2/../../../../avr/lib/avr5\libm.a(fp_pscB.o)
                              c:/program files (x86)/mhv avr tools/bin/../lib/gcc/avr/4.8.2/../../../../avr/lib/avr5\libm.a(mulsf3x.o) (__fp_pscB)
c:/program files (x86)/mhv avr tools/bin/../lib/gcc/avr/4.8.2/../../../../avr/lib/avr5\libm.a(fp_round.o)
                              c:/program files (x86)/mhv avr tools/bin/../lib/gcc/avr/4.8.2/../../../../avr/lib/avr5\libm.a(mulsf3.o) (__fp_round)
c:/program files (x86)/mhv avr tools/bin/../lib/gcc/avr/4.8.2/avr5\libgcc.a(_divmodhi4.o)
                              .build/obj_atreus62_ernest/common/mousekey.o (__divmodhi4)
c:/program files (x86)/mhv avr tools/bin/../lib/gcc/avr/4.8.2/avr5\libgcc.a(_exit.o)
                              c:/program files (x86)/mhv avr tools/bin/../lib/gcc/avr/4.8.2/../../../../avr/lib/avr5/crtm32u4.o (exit)
c:/program files (x86)/mhv avr tools/bin/../lib/gcc/avr/4.8.2/avr5\libgcc.a(_tablejump.o)
                              .build/obj_atreus62_ernest/quantum/quantum.o (__tablejump2__)
c:/program files (x86)/mhv avr tools/bin/../lib/gcc/avr/4.8.2/avr5\libgcc.a(_copy_data.o)
                              .build/obj_atreus62_ernest/keyboards/atreus62/keymaps/ernest/keymap.o (__do_copy_data)
c:/program files (x86)/mhv avr tools/bin/../lib/gcc/avr/4.8.2/avr5\libgcc.a(_clear_bss.o)
                              .build/obj_atreus62_ernest/keyboards/atreus62/keymaps/ernest/keymap.o (__do_clear_bss)
c:/program files (x86)/mhv avr tools/bin/../lib/gcc/avr/4.8.2/avr5\libgcc.a(_udivmodhi4.o)
                              c:/program files (x86)/mhv avr tools/bin/../lib/gcc/avr/4.8.2/avr5\libgcc.a(_divmodhi4.o) (__udivmodhi4)
c:/program files (x86)/mhv avr tools/bin/../lib/gcc/avr/4.8.2/../../../../avr/lib/avr5\libc.a(eerd_byte_atmega32u4.o)
                              .build/obj_atreus62_ernest/quantum/process_keycode/process_unicode.o (__eerd_byte_m32u4)
c:/program files (x86)/mhv avr tools/bin/../lib/gcc/avr/4.8.2/../../../../avr/lib/avr5\libc.a(eerd_word_atmega32u4.o)
                              .build/obj_atreus62_ernest/common/eeconfig.o (__eerd_word_m32u4)
c:/program files (x86)/mhv avr tools/bin/../lib/gcc/avr/4.8.2/../../../../avr/lib/avr5\libc.a(eeupd_byte_atmega32u4.o)
                              .build/obj_atreus62_ernest/quantum/process_keycode/process_unicode_common.o (__eeupd_byte_m32u4)
c:/program files (x86)/mhv avr tools/bin/../lib/gcc/avr/4.8.2/../../../../avr/lib/avr5\libc.a(eeupd_word_atmega32u4.o)
[...]
Memory Configuration

Name             Origin             Length             Attributes
text             0x00000000         0x00020000         xr
data             0x00800060         0x0000ffa0         rw !x
eeprom           0x00810000         0x00010000         rw !x
fuse             0x00820000         0x00000400         rw !x
lock             0x00830000         0x00000400         rw !x
signature        0x00840000         0x00000400         rw !x
*default*        0x00000000         0xffffffff

Linker script and memory map

Address of section .data set to 0x800100
LOAD c:/program files (x86)/mhv avr tools/bin/../lib/gcc/avr/4.8.2/../../../../avr/lib/avr5/crtm32u4.o
LOAD .build/obj_atreus62_ernest/keyboards/atreus62/atreus62.o
LOAD .build/obj_atreus62_ernest/keyboards/atreus62/keymaps/ernest/keymap.o
LOAD .build/obj_atreus62_ernest/quantum/quantum.o
LOAD .build/obj_atreus62_ernest/quantum/keymap_common.o
LOAD .build/obj_atreus62_ernest/quantum/keycode_config.o
LOAD .build/obj_atreus62_ernest/quantum/process_keycode/process_leader.o
LOAD .build/obj_atreus62_ernest/quantum/matrix.o
LOAD .build/obj_atreus62_ernest/quantum/process_keycode/process_unicode.o
LOAD .build/obj_atreus62_ernest/quantum/process_keycode/process_unicode_common.o
LOAD .build/obj_atreus62_ernest/quantum/process_keycode/process_tap_dance.o
LOAD .build/obj_atreus62_ernest/common/host.o
LOAD .build/obj_atreus62_ernest/common/keyboard.o
LOAD .build/obj_atreus62_ernest/common/action.o
LOAD .build/obj_atreus62_ernest/common/action_tapping.o
LOAD .build/obj_atreus62_ernest/common/action_macro.o
LOAD .build/obj_atreus62_ernest/common/action_layer.o
LOAD .build/obj_atreus62_ernest/common/action_util.o
LOAD .build/obj_atreus62_ernest/common/print.o
LOAD .build/obj_atreus62_ernest/common/debug.o
LOAD .build/obj_atreus62_ernest/common/util.o
LOAD .build/obj_atreus62_ernest/common/eeconfig.o
LOAD .build/obj_atreus62_ernest/common/avr/suspend.o
LOAD .build/obj_atreus62_ernest/common/avr/timer.o
LOAD .build/obj_atreus62_ernest/common/avr/bootloader.o
LOAD .build/obj_atreus62_ernest/common/avr/xprintf.o
LOAD .build/obj_atreus62_ernest/common/magic.o
LOAD .build/obj_atreus62_ernest/common/mousekey.o
LOAD .build/obj_atreus62_ernest/common/command.o
LOAD .build/obj_atreus62_ernest/lufa.o
LOAD .build/obj_atreus62_ernest/descriptor.o
LOAD .build/obj_atreus62_ernest/outputselect.o
LOAD .build/obj_atreus62_ernest/protocol/lufa/LUFA-git/LUFA/Drivers/USB/Class/Common/HIDParser.o
LOAD .build/obj_atreus62_ernest/protocol/lufa/LUFA-git/LUFA/Drivers/USB/Core/AVR8/Device_AVR8.o
LOAD .build/obj_atreus62_ernest/protocol/lufa/LUFA-git/LUFA/Drivers/USB/Core/AVR8/EndpointStream_AVR8.o
LOAD .build/obj_atreus62_ernest/protocol/lufa/LUFA-git/LUFA/Drivers/USB/Core/AVR8/Endpoint_AVR8.o
LOAD .build/obj_atreus62_ernest/protocol/lufa/LUFA-git/LUFA/Drivers/USB/Core/AVR8/Host_AVR8.o
LOAD .build/obj_atreus62_ernest/protocol/lufa/LUFA-git/LUFA/Drivers/USB/Core/AVR8/PipeStream_AVR8.o
LOAD .build/obj_atreus62_ernest/protocol/lufa/LUFA-git/LUFA/Drivers/USB/Core/AVR8/Pipe_AVR8.o
LOAD .build/obj_atreus62_ernest/protocol/lufa/LUFA-git/LUFA/Drivers/USB/Core/AVR8/USBController_AVR8.o
LOAD .build/obj_atreus62_ernest/protocol/lufa/LUFA-git/LUFA/Drivers/USB/Core/AVR8/USBInterrupt_AVR8.o
LOAD .build/obj_atreus62_ernest/protocol/lufa/LUFA-git/LUFA/Drivers/USB/Core/ConfigDescriptors.o
LOAD .build/obj_atreus62_ernest/protocol/lufa/LUFA-git/LUFA/Drivers/USB/Core/DeviceStandardReq.o
LOAD .build/obj_atreus62_ernest/protocol/lufa/LUFA-git/LUFA/Drivers/USB/Core/Events.o
LOAD .build/obj_atreus62_ernest/protocol/lufa/LUFA-git/LUFA/Drivers/USB/Core/HostStandardReq.o
LOAD .build/obj_atreus62_ernest/protocol/lufa/LUFA-git/LUFA/Drivers/USB/Core/USBTask.o
LOAD c:/program files (x86)/mhv avr tools/bin/../lib/gcc/avr/4.8.2/../../../../avr/lib/avr5\libm.a
START GROUP
LOAD c:/program files (x86)/mhv avr tools/bin/../lib/gcc/avr/4.8.2/avr5\libgcc.a
LOAD c:/program files (x86)/mhv avr tools/bin/../lib/gcc/avr/4.8.2/../../../../avr/lib/avr5\libm.a
LOAD c:/program files (x86)/mhv avr tools/bin/../lib/gcc/avr/4.8.2/../../../../avr/lib/avr5\libc.a
END GROUP

.hash
 *(.hash)

.dynsym
 *(.dynsym)

.dynstr
 *(.dynstr)

.gnu.version
 *(.gnu.version)

.gnu.version_d
 *(.gnu.version_d)

.gnu.version_r
 *(.gnu.version_r)

.rel.init
 *(.rel.init)

.rela.init
 *(.rela.init)

.rel.text
 *(.rel.text)
 *(.rel.text.*)
 *(.rel.gnu.linkonce.t*)

.rela.text
 *(.rela.text)
 *(.rela.text.*)
 *(.rela.gnu.linkonce.t*)

.rel.fini
 *(.rel.fini)

.rela.fini
 *(.rela.fini)

.rel.rodata
 *(.rel.rodata)
 *(.rel.rodata.*)
 *(.rel.gnu.linkonce.r*)

.rela.rodata
 *(.rela.rodata)
 *(.rela.rodata.*)
 *(.rela.gnu.linkonce.r*)

.rel.data
 *(.rel.data)
 *(.rel.data.*)
 *(.rel.gnu.linkonce.d*)

.rela.data
 *(.rela.data)
 *(.rela.data.*)
 *(.rela.gnu.linkonce.d*)

.rel.ctors
 *(.rel.ctors)

.rela.ctors
 *(.rela.ctors)

.rel.dtors
 *(.rel.dtors)

.rela.dtors
 *(.rela.dtors)

.rel.got
 *(.rel.got)

.rela.got
 *(.rela.got)

.rel.bss
 *(.rel.bss)

.rela.bss
 *(.rela.bss)

.rel.plt
 *(.rel.plt)

.rela.plt
 *(.rela.plt)

.text           0x00000000     0x4bae
 *(.vectors)
 .vectors       0x00000000       0xac c:/program files (x86)/mhv avr tools/bin/../lib/gcc/avr/4.8.2/../../../../avr/lib/avr5/crtm32u4.o
                0x00000000                __vector_default
                0x00000000                __vectors
 *(.vectors)
 *(.progmem.gcc*)
 .progmem.gcc_sw_table.process_record_quantum
                0x000000ac       0x24 .build/obj_atreus62_ernest/quantum/quantum.o
 .progmem.gcc_sw_table.process_action
                0x000000d0       0x4a .build/obj_atreus62_ernest/common/action.o
 .progmem.gcc_sw_table.is_tap_key
                0x0000011a       0x1c .build/obj_atreus62_ernest/common/action.o
 .progmem.gcc_sw_table.USB_Device_ProcessControlRequest
                0x00000136       0x14 .build/obj_atreus62_ernest/protocol/lufa/LUFA-git/LUFA/Drivers/USB/Core/DeviceStandardReq.o
                0x0000014a                . = ALIGN (0x2)
                0x0000014a                __trampolines_start = .
 *(.trampolines)
 .trampolines   0x0000014a        0x0 linker stubs
 *(.trampolines*)
                0x0000014a                __trampolines_end = .
 *(.progmem*)
 .progmem.data.__m.3125
                0x0000014a        0x3 .build/obj_atreus62_ernest/keyboards/atreus62/keymaps/ernest/keymap.o
 .progmem.data.__m.3123
                0x0000014d        0x9 .build/obj_atreus62_ernest/keyboards/atreus62/keymaps/ernest/keymap.o
 .progmem.data.fn_actions
                0x00000156        0x0 .build/obj_atreus62_ernest/keyboards/atreus62/keymaps/ernest/keymap.o
                0x00000156                fn_actions
 .progmem.data.keymaps
                0x00000156      0x30c .build/obj_atreus62_ernest/keyboards/atreus62/keymaps/ernest/keymap.o
                0x00000156                keymaps
 .progmem.data.ProductString
                0x00000462       0x14 .build/obj_atreus62_ernest/descriptor.o
                0x00000462                ProductString
 .progmem.data.ManufacturerString
                0x00000476       0x10 .build/obj_atreus62_ernest/descriptor.o
                0x00000476                ManufacturerString
 .progmem.data.LanguageString
                0x00000486        0x4 .build/obj_atreus62_ernest/descriptor.o
                0x00000486                LanguageString
 .progmem.data.ConfigurationDescriptor
                0x0000048a       0x54 .build/obj_atreus62_ernest/descriptor.o
                0x0000048a                ConfigurationDescriptor
 .progmem.data.DeviceDescriptor
                0x000004de       0x12 .build/obj_atreus62_ernest/descriptor.o
                0x000004de                DeviceDescriptor
 .progmem.data.ExtrakeyReport
                0x000004f0       0x36 .build/obj_atreus62_ernest/descriptor.o
                0x000004f0                ExtrakeyReport
 .progmem.data.MouseReport
                0x00000526       0x4d .build/obj_atreus62_ernest/descriptor.o
                0x00000526                MouseReport
 .progmem.data.KeyboardReport
                0x00000573       0x40 .build/obj_atreus62_ernest/descriptor.o
                0x00000573                KeyboardReport
                0x000005b4                . = ALIGN (0x2)
 *fill*         0x000005b3        0x1 
 *(.jumptables)
 *(.jumptables*)
 *(.lowtext)
 *(.lowtext*)
                0x000005b4                __ctors_start = .
 *(.ctors)
                0x000005b4                __ctors_end = .
                0x000005b4                __dtors_start = .
 *(.dtors)
                0x000005b4                __dtors_end = .
 SORT(*)(.ctors)
 SORT(*)(.dtors)
 *(.init0)
 .init0         0x000005b4        0x0 c:/program files (x86)/mhv avr tools/bin/../lib/gcc/avr/4.8.2/../../../../avr/lib/avr5/crtm32u4.o
                0x000005b4                __init
 *(.init0)
 *(.init1)
 *(.init1)
 *(.init2)
 .init2         0x000005b4        0xc c:/program files (x86)/mhv avr tools/bin/../lib/gcc/avr/4.8.2/../../../../avr/lib/avr5/crtm32u4.o
 *(.init2)
 *(.init3)
 .init3         0x000005c0       0x4e .build/obj_atreus62_ernest/common/avr/bootloader.o
                0x000005c0                bootloader_jump_after_watchdog_reset
 *(.init3)
 *(.init4)
 .init4         0x0000060e       0x16 c:/program files (x86)/mhv avr tools/bin/../lib/gcc/avr/4.8.2/avr5\libgcc.a(_copy_data.o)
                0x0000060e                __do_copy_data
 .init4         0x00000624       0x10 c:/program files (x86)/mhv avr tools/bin/../lib/gcc/avr/4.8.2/avr5\libgcc.a(_clear_bss.o)
                0x00000624                __do_clear_bss
 *(.init4)
 *(.init5)
 *(.init5)
 *(.init6)
 *(.init6)
 *(.init7)
 *(.init7)
 *(.init8)
 *(.init8)
 *(.init9)
 .init9         0x00000634        0x8 c:/program files (x86)/mhv avr tools/bin/../lib/gcc/avr/4.8.2/../../../../avr/lib/avr5/crtm32u4.o
 *(.init9)
 *(.text)
 .text          0x0000063c        0x4 c:/program files (x86)/mhv avr tools/bin/../lib/gcc/avr/4.8.2/../../../../avr/lib/avr5/crtm32u4.o
                0x0000063c                __vector_38
                0x0000063c                __vector_22
                0x0000063c                __vector_28
                0x0000063c                __vector_1
                0x0000063c                __vector_32
                0x0000063c                __vector_34
                0x0000063c                __vector_24
                0x0000063c                __bad_interrupt
                0x0000063c                __vector_6
                0x0000063c                __vector_31
                0x0000063c                __vector_35
                0x0000063c                __vector_39
                0x0000063c                __vector_3
                0x0000063c                __vector_23
                0x0000063c                __vector_30
                0x0000063c                __vector_25
                0x0000063c                __vector_13
                0x0000063c                __vector_17
                0x0000063c                __vector_19
                0x0000063c                __vector_7
                0x0000063c                __vector_41
                0x0000063c                __vector_27
                0x0000063c                __vector_5
                0x0000063c                __vector_33
                0x0000063c                __vector_37
                0x0000063c                __vector_4
                0x0000063c                __vector_9
                0x0000063c                __vector_2
                0x0000063c                __vector_15
                0x0000063c                __vector_36
                0x0000063c                __vector_29
                0x0000063c                __vector_40
                0x0000063c                __vector_8
                0x0000063c                __vector_26
                0x0000063c                __vector_14
                0x0000063c                __vector_16
                0x0000063c                __vector_18
                0x0000063c                __vector_20
                0x0000063c                __vector_42
                0x00000640                . = ALIGN (0x2)
 *(.text.*)
 .text.m_tapn   0x00000640       0x52 .build/obj_atreus62_ernest/keyboards/atreus62/keymaps/ernest/keymap.o
 .text.dance_eq
                0x00000692       0x70 .build/obj_atreus62_ernest/keyboards/atreus62/keymaps/ernest/keymap.o
                0x00000692                dance_eq
 .text.dance_two_eq
                0x00000702       0x5e .build/obj_atreus62_ernest/keyboards/atreus62/keymaps/ernest/keymap.o
                0x00000702                dance_two_eq
 .text.dance_fun
                0x00000760       0xac .build/obj_atreus62_ernest/keyboards/atreus62/keymaps/ernest/keymap.o
                0x00000760                dance_fun
 .text.persistant_default_layer_set
                0x0000080c       0x18 .build/obj_atreus62_ernest/keyboards/atreus62/keymaps/ernest/keymap.o
                0x0000080c                persistant_default_layer_set
 .text.action_get_macro
                0x00000824       0x1e .build/obj_atreus62_ernest/keyboards/atreus62/keymaps/ernest/keymap.o
                0x00000824                action_get_macro
 .text.process_record_user
                0x00000842       0x88 .build/obj_atreus62_ernest/keyboards/atreus62/keymaps/ernest/keymap.o
                0x00000842                process_record_user
 .text.matrix_init_user
                0x000008ca        0x2 .build/obj_atreus62_ernest/keyboards/atreus62/keymaps/ernest/keymap.o
                0x000008ca                matrix_init_user
 .text.matrix_scan_user
                0x000008cc        0x2 .build/obj_atreus62_ernest/keyboards/atreus62/keymaps/ernest/keymap.o
                0x000008cc                matrix_scan_user
 .text.process_action_kb
                0x000008ce        0x4 .build/obj_atreus62_ernest/quantum/quantum.o
                0x000008ce                process_action_kb
 .text.process_record_kb
                0x000008d2        0x4 .build/obj_atreus62_ernest/quantum/quantum.o
                0x000008d2                process_record_kb
 .text.reset_keyboard
                0x000008d6       0x26 .build/obj_atreus62_ernest/quantum/quantum.o
                0x000008d6                reset_keyboard
 .text.process_record_quantum
                0x000008fc      0x2ba .build/obj_atreus62_ernest/quantum/quantum.o
                0x000008fc                process_record_quantum
 .text.update_tri_layer
                0x00000bb6       0x86 .build/obj_atreus62_ernest/quantum/quantum.o
                0x00000bb6                update_tri_layer
 .text.matrix_init_quantum
                0x00000c3c        0x4 .build/obj_atreus62_ernest/quantum/quantum.o
                0x00000c3c                matrix_init_quantum
 .text.matrix_scan_quantum
                0x00000c40        0x8 .build/obj_atreus62_ernest/quantum/quantum.o
                0x00000c40                matrix_scan_quantum
 .text.hex_to_keycode
                0x00000c48       0x1a .build/obj_atreus62_ernest/quantum/quantum.o
                0x00000c48                hex_to_keycode
 .text.led_set_user
                0x00000c62        0x2 .build/obj_atreus62_ernest/quantum/quantum.o
                0x00000c62                led_set_user
 .text.led_set_kb
                0x00000c64        0x4 .build/obj_atreus62_ernest/quantum/quantum.o
                0x00000c64                led_set_kb
 .text.led_set  0x00000c68        0x4 .build/obj_atreus62_ernest/quantum/quantum.o
                0x00000c68                led_set
 .text.action_function
                0x00000c6c        0x2 .build/obj_atreus62_ernest/quantum/keymap_common.o
                0x00000c6c                action_function
 .text.keymap_key_to_keycode
                0x00000c6e       0x24 .build/obj_atreus62_ernest/quantum/keymap_common.o
                0x00000c6e                keymap_key_to_keycode
 .text.keymap_function_id_to_action
                0x00000c92       0x10 .build/obj_atreus62_ernest/quantum/keymap_common.o
                0x00000c92                keymap_function_id_to_action
 .text.action_for_key
                0x00000ca2      0x318 .build/obj_atreus62_ernest/quantum/keymap_common.o
                0x00000ca2                action_for_key
 .text.keycode_config
                0x00000fba       0xf8 .build/obj_atreus62_ernest/quantum/keycode_config.o
                0x00000fba                keycode_config
 .text.leader_start
                0x000010b2        0x2 .build/obj_atreus62_ernest/quantum/process_keycode/process_leader.o
                0x000010b2                leader_start
 .text.process_leader
                0x000010b4       0x98 .build/obj_atreus62_ernest/quantum/process_keycode/process_leader.o
                0x000010b4                process_leader
 .text.matrix_init_kb
                0x0000114c        0x4 .build/obj_atreus62_ernest/quantum/matrix.o
                0x0000114c                matrix_init_kb
 .text.matrix_scan_kb
                0x00001150        0x4 .build/obj_atreus62_ernest/quantum/matrix.o
                0x00001150                matrix_scan_kb
 .text.matrix_init
                0x00001154       0x9c .build/obj_atreus62_ernest/quantum/matrix.o
                0x00001154                matrix_init
 .text.matrix_scan
                0x000011f0      0x176 .build/obj_atreus62_ernest/quantum/matrix.o
                0x000011f0                matrix_scan
 .text.matrix_get_row
                0x00001366       0x12 .build/obj_atreus62_ernest/quantum/matrix.o
                0x00001366                matrix_get_row
 .text.matrix_print
                0x00001378        0x2 .build/obj_atreus62_ernest/quantum/matrix.o
                0x00001378                matrix_print
 .text.process_unicode
                0x0000137a       0x48 .build/obj_atreus62_ernest/quantum/process_keycode/process_unicode.o
                0x0000137a                process_unicode
 .text.set_unicode_input_mode
                0x000013c2        0xe .build/obj_atreus62_ernest/quantum/process_keycode/process_unicode_common.o
                0x000013c2                set_unicode_input_mode
 .text.unicode_input_start
                0x000013d0       0xec .build/obj_atreus62_ernest/quantum/process_keycode/process_unicode_common.o
                0x000013d0                unicode_input_start
 .text.unicode_input_finish
                0x000014bc       0x90 .build/obj_atreus62_ernest/quantum/process_keycode/process_unicode_common.o
                0x000014bc                unicode_input_finish
 .text.register_hex
                0x0000154c       0x4e .build/obj_atreus62_ernest/quantum/process_keycode/process_unicode_common.o
                0x0000154c                register_hex
 .text.process_tap_dance_action_on_dance_finished
                0x0000159a       0x36 .build/obj_atreus62_ernest/quantum/process_keycode/process_tap_dance.o
 .text.reset_tap_dance
                0x000015d0       0x5e .build/obj_atreus62_ernest/quantum/process_keycode/process_tap_dance.o
                0x000015d0                reset_tap_dance
 .text.process_tap_dance
                0x0000162e      0x134 .build/obj_atreus62_ernest/quantum/process_keycode/process_tap_dance.o
                0x0000162e                process_tap_dance
 .text.matrix_scan_tap_dance
                0x00001762       0x6a .build/obj_atreus62_ernest/quantum/process_keycode/process_tap_dance.o
                0x00001762                matrix_scan_tap_dance
 .text.host_set_driver
                0x000017cc        0xa .build/obj_atreus62_ernest/common/host.o
                0x000017cc                host_set_driver
 .text.host_keyboard_leds
                0x000017d6       0x18 .build/obj_atreus62_ernest/common/host.o
                0x000017d6                host_keyboard_leds
 .text.host_keyboard_send
                0x000017ee       0x16 .build/obj_atreus62_ernest/common/host.o
                0x000017ee                host_keyboard_send
 .text.host_mouse_send
                0x00001804       0x16 .build/obj_atreus62_ernest/common/host.o
                0x00001804                host_mouse_send
 .text.host_system_send
                0x0000181a       0x2c .build/obj_atreus62_ernest/common/host.o
                0x0000181a                host_system_send
 .text.host_consumer_send
                0x00001846       0x2c .build/obj_atreus62_ernest/common/host.o
                0x00001846                host_consumer_send
 .text.matrix_setup
                0x00001872        0x2 .build/obj_atreus62_ernest/common/keyboard.o
                0x00001872                matrix_setup
 .text.keyboard_setup
                0x00001874        0x4 .build/obj_atreus62_ernest/common/keyboard.o
                0x00001874                keyboard_setup
 .text.keyboard_init
                0x00001878        0xc .build/obj_atreus62_ernest/common/keyboard.o
                0x00001878                keyboard_init
 .text.keyboard_task
                0x00001884      0x172 .build/obj_atreus62_ernest/common/keyboard.o
                0x00001884                keyboard_task
 .text.action_exec
                0x000019f6       0x6a .build/obj_atreus62_ernest/common/action.o
                0x000019f6                action_exec
 .text.register_code
                0x00001a60      0x1a6 .build/obj_atreus62_ernest/common/action.o
                0x00001a60                register_code
 .text.unregister_code
                0x00001c06       0x9e .build/obj_atreus62_ernest/common/action.o
                0x00001c06                unregister_code
 .text.register_mods
                0x00001ca4        0xe .build/obj_atreus62_ernest/common/action.o
                0x00001ca4                register_mods
 .text.unregister_mods
                0x00001cb2        0xe .build/obj_atreus62_ernest/common/action.o
                0x00001cb2                unregister_mods
 .text.process_action
                0x00001cc0      0x49e .build/obj_atreus62_ernest/common/action.o
                0x00001cc0                process_action
 .text.process_record
                0x0000215e       0x58 .build/obj_atreus62_ernest/common/action.o
                0x0000215e                process_record
 .text.clear_keyboard_but_mods
                0x000021b6       0x28 .build/obj_atreus62_ernest/common/action.o
                0x000021b6                clear_keyboard_but_mods
 .text.clear_keyboard
                0x000021de        0x8 .build/obj_atreus62_ernest/common/action.o
                0x000021de                clear_keyboard
 .text.is_tap_key
                0x000021e6       0x46 .build/obj_atreus62_ernest/common/action.o
                0x000021e6                is_tap_key
 .text.debug_event
                0x0000222c       0x1e .build/obj_atreus62_ernest/common/action.o
                0x0000222c                debug_event
 .text.debug_record
                0x0000224a       0x20 .build/obj_atreus62_ernest/common/action.o
                0x0000224a                debug_record
 .text.debug_waiting_buffer
                0x0000226a       0x42 .build/obj_atreus62_ernest/common/action_tapping.o
 .text.debug_tapping_key
                0x000022ac       0x1c .build/obj_atreus62_ernest/common/action_tapping.o
 .text.waiting_buffer_scan_tap
                0x000022c8       0xd0 .build/obj_atreus62_ernest/common/action_tapping.o
 .text.process_tapping
                0x00002398      0x3da .build/obj_atreus62_ernest/common/action_tapping.o
 .text.action_tapping_process
                0x00002772      0x15a .build/obj_atreus62_ernest/common/action_tapping.o
                0x00002772                action_tapping_process
 .text.action_macro_play
                0x000028cc      0x100 .build/obj_atreus62_ernest/common/action_macro.o
                0x000028cc                action_macro_play
 .text.default_layer_state_set_kb
                0x000029cc        0x2 .build/obj_atreus62_ernest/common/action_layer.o
                0x000029cc                default_layer_state_set_kb
 .text.default_layer_state_set
                0x000029ce       0x18 .build/obj_atreus62_ernest/common/action_layer.o
 .text.default_layer_debug
                0x000029e6        0x2 .build/obj_atreus62_ernest/common/action_layer.o
                0x000029e6                default_layer_debug
 .text.default_layer_set
                0x000029e8        0x4 .build/obj_atreus62_ernest/common/action_layer.o
                0x000029e8                default_layer_set
 .text.default_layer_or
                0x000029ec       0x24 .build/obj_atreus62_ernest/common/action_layer.o
                0x000029ec                default_layer_or
 .text.default_layer_and
                0x00002a10       0x24 .build/obj_atreus62_ernest/common/action_layer.o
                0x00002a10                default_layer_and
 .text.default_layer_xor
                0x00002a34       0x24 .build/obj_atreus62_ernest/common/action_layer.o
                0x00002a34                default_layer_xor
 .text.layer_state_set_kb
                0x00002a58        0x2 .build/obj_atreus62_ernest/common/action_layer.o
                0x00002a58                layer_state_set_kb
 .text.layer_state_set
                0x00002a5a       0x18 .build/obj_atreus62_ernest/common/action_layer.o
 .text.layer_clear
                0x00002a72        0xa .build/obj_atreus62_ernest/common/action_layer.o
                0x00002a72                layer_clear
 .text.layer_move
                0x00002a7c       0x1e .build/obj_atreus62_ernest/common/action_layer.o
                0x00002a7c                layer_move
 .text.layer_on
                0x00002a9a       0x36 .build/obj_atreus62_ernest/common/action_layer.o
                0x00002a9a                layer_on
 .text.layer_off
                0x00002ad0       0x3e .build/obj_atreus62_ernest/common/action_layer.o
                0x00002ad0                layer_off
 .text.layer_invert
                0x00002b0e       0x36 .build/obj_atreus62_ernest/common/action_layer.o
                0x00002b0e                layer_invert
 .text.layer_or
                0x00002b44       0x24 .build/obj_atreus62_ernest/common/action_layer.o
                0x00002b44                layer_or
 .text.layer_and
                0x00002b68       0x24 .build/obj_atreus62_ernest/common/action_layer.o
                0x00002b68                layer_and
 .text.layer_xor
                0x00002b8c       0x24 .build/obj_atreus62_ernest/common/action_layer.o
                0x00002b8c                layer_xor
 .text.layer_debug
                0x00002bb0        0x2 .build/obj_atreus62_ernest/common/action_layer.o
                0x00002bb0                layer_debug
 .text.update_source_layers_cache
                0x00002bb2       0x5c .build/obj_atreus62_ernest/common/action_layer.o
                0x00002bb2                update_source_layers_cache
 .text.read_source_layers_cache
                0x00002c0e       0x58 .build/obj_atreus62_ernest/common/action_layer.o
                0x00002c0e                read_source_layers_cache
 .text.layer_switch_get_layer
                0x00002c66       0x80 .build/obj_atreus62_ernest/common/action_layer.o
                0x00002c66                layer_switch_get_layer
 .text.layer_switch_get_action
                0x00002ce6       0x16 .build/obj_atreus62_ernest/common/action_layer.o
                0x00002ce6                layer_switch_get_action
 .text.store_or_get_action
                0x00002cfc       0x46 .build/obj_atreus62_ernest/common/action_layer.o
                0x00002cfc                store_or_get_action
 .text.has_oneshot_mods_timed_out
                0x00002d42       0x46 .build/obj_atreus62_ernest/common/action_util.o
                0x00002d42                has_oneshot_mods_timed_out
 .text.get_oneshot_layer
                0x00002d88        0xc .build/obj_atreus62_ernest/common/action_util.o
                0x00002d88                get_oneshot_layer
 .text.get_oneshot_layer_state
                0x00002d94        0x8 .build/obj_atreus62_ernest/common/action_util.o
                0x00002d94                get_oneshot_layer_state
 .text.has_oneshot_layer_timed_out
                0x00002d9c       0x58 .build/obj_atreus62_ernest/common/action_util.o
                0x00002d9c                has_oneshot_layer_timed_out
 .text.set_oneshot_layer
                0x00002df4       0x20 .build/obj_atreus62_ernest/common/action_util.o
                0x00002df4                set_oneshot_layer
 .text.clear_oneshot_layer_state
                0x00002e14       0x36 .build/obj_atreus62_ernest/common/action_util.o
                0x00002e14                clear_oneshot_layer_state
 .text.is_oneshot_layer_active
                0x00002e4a        0xe .build/obj_atreus62_ernest/common/action_util.o
                0x00002e4a                is_oneshot_layer_active
 .text.add_key  0x00002e58       0x42 .build/obj_atreus62_ernest/common/action_util.o
                0x00002e58                add_key
 .text.del_key  0x00002e9a       0x26 .build/obj_atreus62_ernest/common/action_util.o
                0x00002e9a                del_key
 .text.clear_keys
                0x00002ec0       0x1c .build/obj_atreus62_ernest/common/action_util.o
                0x00002ec0                clear_keys
 .text.add_mods
                0x00002edc        0xc .build/obj_atreus62_ernest/common/action_util.o
                0x00002edc                add_mods
 .text.del_mods
                0x00002ee8        0xe .build/obj_atreus62_ernest/common/action_util.o
                0x00002ee8                del_mods
 .text.clear_mods
                0x00002ef6        0x6 .build/obj_atreus62_ernest/common/action_util.o
                0x00002ef6                clear_mods
 .text.add_weak_mods
                0x00002efc        0xc .build/obj_atreus62_ernest/common/action_util.o
                0x00002efc                add_weak_mods
 .text.del_weak_mods
                0x00002f08        0xe .build/obj_atreus62_ernest/common/action_util.o
                0x00002f08                del_weak_mods
 .text.clear_weak_mods
                0x00002f16        0x6 .build/obj_atreus62_ernest/common/action_util.o
                0x00002f16                clear_weak_mods
 .text.add_macro_mods
                0x00002f1c        0xc .build/obj_atreus62_ernest/common/action_util.o
                0x00002f1c                add_macro_mods
 .text.del_macro_mods
                0x00002f28        0xe .build/obj_atreus62_ernest/common/action_util.o
                0x00002f28                del_macro_mods
 .text.clear_macro_mods
                0x00002f36        0x6 .build/obj_atreus62_ernest/common/action_util.o
                0x00002f36                clear_macro_mods
 .text.set_oneshot_mods
                0x00002f3c       0x12 .build/obj_atreus62_ernest/common/action_util.o
                0x00002f3c                set_oneshot_mods
 .text.clear_oneshot_mods
                0x00002f4e        0xe .build/obj_atreus62_ernest/common/action_util.o
                0x00002f4e                clear_oneshot_mods
 .text.get_oneshot_mods
                0x00002f5c        0x6 .build/obj_atreus62_ernest/common/action_util.o
                0x00002f5c                get_oneshot_mods
 .text.has_anykey
                0x00002f62       0x26 .build/obj_atreus62_ernest/common/action_util.o
                0x00002f62                has_anykey
 .text.send_keyboard_report
                0x00002f88       0x6c .build/obj_atreus62_ernest/common/action_util.o
                0x00002f88                send_keyboard_report
 .text.eeconfig_init
                0x00002ff4       0x34 .build/obj_atreus62_ernest/common/eeconfig.o
                0x00002ff4                eeconfig_init
 .text.eeconfig_is_enabled
                0x00003028       0x16 .build/obj_atreus62_ernest/common/eeconfig.o
                0x00003028                eeconfig_is_enabled
 .text.eeconfig_read_debug
                0x0000303e        0x8 .build/obj_atreus62_ernest/common/eeconfig.o
                0x0000303e                eeconfig_read_debug
 .text.eeconfig_read_default_layer
                0x00003046        0x8 .build/obj_atreus62_ernest/common/eeconfig.o
                0x00003046                eeconfig_read_default_layer
 .text.eeconfig_update_default_layer
                0x0000304e        0xa .build/obj_atreus62_ernest/common/eeconfig.o
                0x0000304e                eeconfig_update_default_layer
 .text.eeconfig_read_keymap
                0x00003058        0x8 .build/obj_atreus62_ernest/common/eeconfig.o
                0x00003058                eeconfig_read_keymap
 .text.eeconfig_update_keymap
                0x00003060        0xa .build/obj_atreus62_ernest/common/eeconfig.o
                0x00003060                eeconfig_update_keymap
 .text.suspend_power_down
                0x0000306a       0x52 .build/obj_atreus62_ernest/common/avr/suspend.o
                0x0000306a                suspend_power_down
 .text.matrix_power_up
                0x000030bc        0x2 .build/obj_atreus62_ernest/common/avr/suspend.o
                0x000030bc                matrix_power_up
 .text.matrix_power_down
                0x000030be        0x2 .build/obj_atreus62_ernest/common/avr/suspend.o
                0x000030be                matrix_power_down
 .text.suspend_wakeup_condition
                0x000030c0       0x2a .build/obj_atreus62_ernest/common/avr/suspend.o
                0x000030c0                suspend_wakeup_condition
 .text.suspend_wakeup_init
                0x000030ea        0xc .build/obj_atreus62_ernest/common/avr/suspend.o
                0x000030ea                suspend_wakeup_init
 .text.__vector_12
                0x000030f6       0x52 .build/obj_atreus62_ernest/common/avr/suspend.o
                0x000030f6                __vector_12
 .text.timer_init
                0x00003148       0x12 .build/obj_atreus62_ernest/common/avr/timer.o
                0x00003148                timer_init
 .text.timer_read
                0x0000315a       0x18 .build/obj_atreus62_ernest/common/avr/timer.o
                0x0000315a                timer_read
 .text.timer_elapsed
                0x00003172       0x52 .build/obj_atreus62_ernest/common/avr/timer.o
                0x00003172                timer_elapsed
 .text.__vector_21
                0x000031c4       0x4c .build/obj_atreus62_ernest/common/avr/timer.o
                0x000031c4                __vector_21
 .text.bootloader_jump
                0x00003210       0x24 .build/obj_atreus62_ernest/common/avr/bootloader.o
                0x00003210                bootloader_jump
 .text.magic    0x00003234       0x32 .build/obj_atreus62_ernest/common/magic.o
                0x00003234                magic
 .text.move_unit
                0x00003266       0x90 .build/obj_atreus62_ernest/common/mousekey.o
 .text.wheel_unit
                0x000032f6       0x72 .build/obj_atreus62_ernest/common/mousekey.o
 .text.mousekey_on
                0x00003368       0xd0 .build/obj_atreus62_ernest/common/mousekey.o
                0x00003368                mousekey_on
 .text.mousekey_off
                0x00003438      0x10a .build/obj_atreus62_ernest/common/mousekey.o
                0x00003438                mousekey_off
 .text.mousekey_send
                0x00003542       0x16 .build/obj_atreus62_ernest/common/mousekey.o
                0x00003542                mousekey_send
 .text.mousekey_task
                0x00003558      0x142 .build/obj_atreus62_ernest/common/mousekey.o
                0x00003558                mousekey_task
 .text.mousekey_clear
                0x0000369a       0x18 .build/obj_atreus62_ernest/common/mousekey.o
                0x0000369a                mousekey_clear
 .text.mousekey_param_inc
                0x000036b2       0xec .build/obj_atreus62_ernest/common/command.o
 .text.mousekey_param_dec
                0x0000379e       0xa0 .build/obj_atreus62_ernest/common/command.o
 .text.command_common
                0x0000383e      0x144 .build/obj_atreus62_ernest/common/command.o
 .text.command_extra
                0x00003982        0x4 .build/obj_atreus62_ernest/common/command.o
                0x00003982                command_extra
 .text.command_console_extra
                0x00003986        0x4 .build/obj_atreus62_ernest/common/command.o
                0x00003986                command_console_extra
 .text.numkey2num
                0x0000398a       0x16 .build/obj_atreus62_ernest/common/command.o
                0x0000398a                numkey2num
 .text.command_proc
                0x000039a0      0x128 .build/obj_atreus62_ernest/common/command.o
                0x000039a0                command_proc
 .text.keyboard_leds
                0x00003ac8        0x6 .build/obj_atreus62_ernest/lufa.o
 .text.send_consumer
                0x00003ace       0x74 .build/obj_atreus62_ernest/lufa.o
 .text.send_system
                0x00003b42       0x6c .build/obj_atreus62_ernest/lufa.o
 .text.send_mouse
                0x00003bae       0x56 .build/obj_atreus62_ernest/lufa.o
 .text.send_keyboard
                0x00003c04       0x66 .build/obj_atreus62_ernest/lufa.o
 .text.EVENT_USB_Device_Connect
                0x00003c6a       0x1c .build/obj_atreus62_ernest/lufa.o
                0x00003c6a                EVENT_USB_Device_Connect
 .text.EVENT_USB_Device_Disconnect
                0x00003c86        0x6 .build/obj_atreus62_ernest/lufa.o
                0x00003c86                EVENT_USB_Device_Disconnect
 .text.EVENT_USB_Device_Reset
                0x00003c8c        0x2 .build/obj_atreus62_ernest/lufa.o
                0x00003c8c                EVENT_USB_Device_Reset
 .text.EVENT_USB_Device_Suspend
                0x00003c8e        0x2 .build/obj_atreus62_ernest/lufa.o
                0x00003c8e                EVENT_USB_Device_Suspend
 .text.EVENT_USB_Device_WakeUp
                0x00003c90        0x4 .build/obj_atreus62_ernest/lufa.o
                0x00003c90                EVENT_USB_Device_WakeUp
 .text.EVENT_USB_Device_ConfigurationChanged
                0x00003c94       0x1e .build/obj_atreus62_ernest/lufa.o
                0x00003c94                EVENT_USB_Device_ConfigurationChanged
 .text.EVENT_USB_Device_ControlRequest
                0x00003cb2      0x160 .build/obj_atreus62_ernest/lufa.o
                0x00003cb2                EVENT_USB_Device_ControlRequest
 .text.startup.main
                0x00003e12       0x70 .build/obj_atreus62_ernest/lufa.o
                0x00003e12                main
 .text.CALLBACK_USB_GetDescriptor
                0x00003e82       0xb2 .build/obj_atreus62_ernest/descriptor.o
                0x00003e82                CALLBACK_USB_GetDescriptor
 .text.set_output_user
                0x00003f34        0x2 .build/obj_atreus62_ernest/outputselect.o
                0x00003f34                set_output_user
 .text.set_output
                0x00003f36       0x10 .build/obj_atreus62_ernest/outputselect.o
                0x00003f36                set_output
 .text.auto_detect_output
                0x00003f46       0x10 .build/obj_atreus62_ernest/outputselect.o
                0x00003f46                auto_detect_output
 .text.where_to_send
                0x00003f56        0xe .build/obj_atreus62_ernest/outputselect.o
                0x00003f56                where_to_send
 .text.USB_Device_SendRemoteWakeup
                0x00003f64       0x2c .build/obj_atreus62_ernest/protocol/lufa/LUFA-git/LUFA/Drivers/USB/Core/AVR8/Device_AVR8.o
                0x00003f64                USB_Device_SendRemoteWakeup
 .text.Endpoint_Write_Stream_LE
                0x00003f90       0x92 .build/obj_atreus62_ernest/protocol/lufa/LUFA-git/LUFA/Drivers/USB/Core/AVR8/EndpointStream_AVR8.o
                0x00003f90                Endpoint_Write_Stream_LE
 .text.Endpoint_Write_Control_Stream_LE
                0x00004022       0xc2 .build/obj_atreus62_ernest/protocol/lufa/LUFA-git/LUFA/Drivers/USB/Core/AVR8/EndpointStream_AVR8.o
                0x00004022                Endpoint_Write_Control_Stream_LE
 .text.Endpoint_Write_Control_PStream_LE
                0x000040e4       0xc4 .build/obj_atreus62_ernest/protocol/lufa/LUFA-git/LUFA/Drivers/USB/Core/AVR8/EndpointStream_AVR8.o
                0x000040e4                Endpoint_Write_Control_PStream_LE
 .text.Endpoint_ConfigureEndpoint_Prv
                0x000041a8       0x6a .build/obj_atreus62_ernest/protocol/lufa/LUFA-git/LUFA/Drivers/USB/Core/AVR8/Endpoint_AVR8.o
                0x000041a8                Endpoint_ConfigureEndpoint_Prv
 .text.Endpoint_ClearStatusStage
                0x00004212       0x42 .build/obj_atreus62_ernest/protocol/lufa/LUFA-git/LUFA/Drivers/USB/Core/AVR8/Endpoint_AVR8.o
                0x00004212                Endpoint_ClearStatusStage
 .text.Endpoint_WaitUntilReady
                0x00004254       0x60 .build/obj_atreus62_ernest/protocol/lufa/LUFA-git/LUFA/Drivers/USB/Core/AVR8/Endpoint_AVR8.o
                0x00004254                Endpoint_WaitUntilReady
 .text.USB_Disable
                0x000042b4       0x34 .build/obj_atreus62_ernest/protocol/lufa/LUFA-git/LUFA/Drivers/USB/Core/AVR8/USBController_AVR8.o
                0x000042b4                USB_Disable
 .text.USB_ResetInterface
                0x000042e8       0x86 .build/obj_atreus62_ernest/protocol/lufa/LUFA-git/LUFA/Drivers/USB/Core/AVR8/USBController_AVR8.o
                0x000042e8                USB_ResetInterface
 .text.USB_Init
                0x0000436e       0x22 .build/obj_atreus62_ernest/protocol/lufa/LUFA-git/LUFA/Drivers/USB/Core/AVR8/USBController_AVR8.o
                0x0000436e                USB_Init
 .text.USB_INT_DisableAllInterrupts
                0x00004390       0x10 .build/obj_atreus62_ernest/protocol/lufa/LUFA-git/LUFA/Drivers/USB/Core/AVR8/USBInterrupt_AVR8.o
                0x00004390                USB_INT_DisableAllInterrupts
 .text.USB_INT_ClearAllInterrupts
                0x000043a0        0xa .build/obj_atreus62_ernest/protocol/lufa/LUFA-git/LUFA/Drivers/USB/Core/AVR8/USBInterrupt_AVR8.o
                0x000043a0                USB_INT_ClearAllInterrupts
 .text.__vector_10
                0x000043aa      0x1a4 .build/obj_atreus62_ernest/protocol/lufa/LUFA-git/LUFA/Drivers/USB/Core/AVR8/USBInterrupt_AVR8.o
                0x000043aa                __vector_10
 .text.__vector_11
                0x0000454e       0x78 .build/obj_atreus62_ernest/protocol/lufa/LUFA-git/LUFA/Drivers/USB/Core/AVR8/USBInterrupt_AVR8.o
                0x0000454e                __vector_11
 .text.USB_Device_ProcessControlRequest
                0x000045c6      0x29c .build/obj_atreus62_ernest/protocol/lufa/LUFA-git/LUFA/Drivers/USB/Core/DeviceStandardReq.o
                0x000045c6                USB_Device_ProcessControlRequest
 .text.USB_Event_Stub
                0x00004862        0x2 .build/obj_atreus62_ernest/protocol/lufa/LUFA-git/LUFA/Drivers/USB/Core/Events.o
                0x00004862                EVENT_USB_Device_StartOfFrame
                0x00004862                USB_Event_Stub
 .text.USB_USBTask
                0x00004864       0x3a .build/obj_atreus62_ernest/protocol/lufa/LUFA-git/LUFA/Drivers/USB/Core/USBTask.o
                0x00004864                USB_USBTask
 .text.avr-libc.fplib
                0x0000489e        0xa c:/program files (x86)/mhv avr tools/bin/../lib/gcc/avr/4.8.2/../../../../avr/lib/avr5\libm.a(fixsfsi.o)
                0x0000489e                __fixsfsi
 .text.avr-libc.fplib
                0x000048a8       0x58 c:/program files (x86)/mhv avr tools/bin/../lib/gcc/avr/4.8.2/../../../../avr/lib/avr5\libm.a(fixunssfsi.o)
                0x000048a8                __fixunssfsi
 .text.avr-libc.fplib
                0x00004900       0x7a c:/program files (x86)/mhv avr tools/bin/../lib/gcc/avr/4.8.2/../../../../avr/lib/avr5\libm.a(floatsisf.o)
                0x00004900                __floatunsisf
                0x00004904                __floatsisf
 .text.avr-libc.fplib
                0x0000497a       0x44 c:/program files (x86)/mhv avr tools/bin/../lib/gcc/avr/4.8.2/../../../../avr/lib/avr5\libm.a(fp_split3.o)
                0x0000497a                __fp_split3
                0x0000498a                __fp_splitA
 .text.avr-libc.fplib
                0x000049be        0xe c:/program files (x86)/mhv avr tools/bin/../lib/gcc/avr/4.8.2/../../../../avr/lib/avr5\libm.a(fp_zero.o)
                0x000049be                __fp_zero
                0x000049c0                __fp_szero
 .text.avr-libc.fplib
                0x000049cc        0x4 c:/program files (x86)/mhv avr tools/bin/../lib/gcc/avr/4.8.2/../../../../avr/lib/avr5\libm.a(mulsf3.o)
                0x000049cc                __mulsf3
 .text.avr-libc.fplib
                0x000049d0       0xc2 c:/program files (x86)/mhv avr tools/bin/../lib/gcc/avr/4.8.2/../../../../avr/lib/avr5\libm.a(mulsf3x.o)
                0x000049e4                __mulsf3x
                0x000049e8                __mulsf3_pse
 .text.avr-libc.fplib
                0x00004a92        0xc c:/program files (x86)/mhv avr tools/bin/../lib/gcc/avr/4.8.2/../../../../avr/lib/avr5\libm.a(fp_inf.o)
                0x00004a92                __fp_inf
 .text.avr-libc.fplib
                0x00004a9e        0x6 c:/program files (x86)/mhv avr tools/bin/../lib/gcc/avr/4.8.2/../../../../avr/lib/avr5\libm.a(fp_nan.o)
                0x00004a9e                __fp_nan
 .text.avr-libc.fplib
                0x00004aa4        0xe c:/program files (x86)/mhv avr tools/bin/../lib/gcc/avr/4.8.2/../../../../avr/lib/avr5\libm.a(fp_pscA.o)
                0x00004aa4                __fp_pscA
 .text.avr-libc.fplib
                0x00004ab2        0xe c:/program files (x86)/mhv avr tools/bin/../lib/gcc/avr/4.8.2/../../../../avr/lib/avr5\libm.a(fp_pscB.o)
                0x00004ab2                __fp_pscB
 .text.avr-libc.fplib
                0x00004ac0       0x22 c:/program files (x86)/mhv avr tools/bin/../lib/gcc/avr/4.8.2/../../../../avr/lib/avr5\libm.a(fp_round.o)
                0x00004ac0                __fp_round
 .text.libgcc.div
                0x00004ae2       0x28 c:/program files (x86)/mhv avr tools/bin/../lib/gcc/avr/4.8.2/avr5\libgcc.a(_divmodhi4.o)
                0x00004ae2                _div
                0x00004ae2                __divmodhi4
 .text.libgcc   0x00004b0a        0xc c:/program files (x86)/mhv avr tools/bin/../lib/gcc/avr/4.8.2/avr5\libgcc.a(_tablejump.o)
                0x00004b0a                __tablejump2__
                0x00004b0e                __tablejump__
 .text.libgcc.div
                0x00004b16       0x28 c:/program files (x86)/mhv avr tools/bin/../lib/gcc/avr/4.8.2/avr5\libgcc.a(_udivmodhi4.o)
                0x00004b16                __udivmodhi4
 .text.avr-libc
                0x00004b3e       0x10 c:/program files (x86)/mhv avr tools/bin/../lib/gcc/avr/4.8.2/../../../../avr/lib/avr5\libc.a(eerd_byte_atmega32u4.o)
                0x00004b3e                __eerd_byte_m32u4
 .text.avr-libc
                0x00004b4e        0xc c:/program files (x86)/mhv avr tools/bin/../lib/gcc/avr/4.8.2/../../../../avr/lib/avr5\libc.a(eerd_word_atmega32u4.o)
                0x00004b4e                __eerd_word_m32u4
 .text.avr-libc
                0x00004b5a       0x24 c:/program files (x86)/mhv avr tools/bin/../lib/gcc/avr/4.8.2/../../../../avr/lib/avr5\libc.a(eeupd_byte_atmega32u4.o)
                0x00004b5a                __eeupd_byte_m32u4
                0x00004b5c                __eeupd_r18_m32u4
 .text.avr-libc
                0x00004b7e        0xc c:/program files (x86)/mhv avr tools/bin/../lib/gcc/avr/4.8.2/../../../../avr/lib/avr5\libc.a(eeupd_word_atmega32u4.o)
                0x00004b7e                __eeupd_word_m32u4
 .text.avr-libc
                0x00004b8a       0x20 c:/program files (x86)/mhv avr tools/bin/../lib/gcc/avr/4.8.2/../../../../avr/lib/avr5\libc.a(eerd_block_atmega32u4.o)
                0x00004b8a                __eerd_block_m32u4
                0x00004b8e                __eerd_blraw_m32u4
                0x00004baa                . = ALIGN (0x2)
 *(.fini9)
 .fini9         0x00004baa        0x0 c:/program files (x86)/mhv avr tools/bin/../lib/gcc/avr/4.8.2/avr5\libgcc.a(_exit.o)
                0x00004baa                _exit
                0x00004baa                exit
 *(.fini9)
 *(.fini8)
 *(.fini8)
 *(.fini7)
 *(.fini7)
 *(.fini6)
 *(.fini6)
 *(.fini5)
 *(.fini5)
 *(.fini4)
 *(.fini4)
 *(.fini3)
 *(.fini3)
 *(.fini2)
 *(.fini2)
 *(.fini1)
 *(.fini1)
 *(.fini0)
 .fini0         0x00004baa        0x4 c:/program files (x86)/mhv avr tools/bin/../lib/gcc/avr/4.8.2/avr5\libgcc.a(_exit.o)
 *(.fini0)
                0x00004bae                _etext = .

.data           0x00800100       0x72 load address 0x00004bae
                0x00800100                PROVIDE (__data_start, .)
 *(.data)
 .data          0x00800100        0x0 c:/program files (x86)/mhv avr tools/bin/../lib/gcc/avr/4.8.2/../../../../avr/lib/avr5/crtm32u4.o
 .data          0x00800100        0x0 .build/obj_atreus62_ernest/keyboards/atreus62/atreus62.o
 .data          0x00800100        0x0 .build/obj_atreus62_ernest/keyboards/atreus62/keymaps/ernest/keymap.o
 .data          0x00800100        0x0 .build/obj_atreus62_ernest/quantum/quantum.o
 .data          0x00800100        0x0 .build/obj_atreus62_ernest/quantum/keymap_common.o
 .data          0x00800100        0x0 .build/obj_atreus62_ernest/quantum/keycode_config.o
 .data          0x00800100        0x0 .build/obj_atreus62_ernest/quantum/process_keycode/process_leader.o
 .data          0x00800100        0x0 .build/obj_atreus62_ernest/quantum/matrix.o
 .data          0x00800100        0x0 .build/obj_atreus62_ernest/quantum/process_keycode/process_unicode.o
 .data          0x00800100        0x0 .build/obj_atreus62_ernest/quantum/process_keycode/process_unicode_common.o
 .data          0x00800100        0x0 .build/obj_atreus62_ernest/quantum/process_keycode/process_tap_dance.o
 .data          0x00800100        0x0 .build/obj_atreus62_ernest/common/host.o
 .data          0x00800100        0x0 .build/obj_atreus62_ernest/common/keyboard.o
 .data          0x00800100        0x0 .build/obj_atreus62_ernest/common/action.o
 .data          0x00800100        0x0 .build/obj_atreus62_ernest/common/action_tapping.o
 .data          0x00800100        0x0 .build/obj_atreus62_ernest/common/action_macro.o
 .data          0x00800100        0x0 .build/obj_atreus62_ernest/common/action_layer.o
 .data          0x00800100        0x0 .build/obj_atreus62_ernest/common/action_util.o
 .data          0x00800100        0x0 .build/obj_atreus62_ernest/common/print.o
 .data          0x00800100        0x0 .build/obj_atreus62_ernest/common/debug.o
 .data          0x00800100        0x0 .build/obj_atreus62_ernest/common/util.o
 .data          0x00800100        0x0 .build/obj_atreus62_ernest/common/eeconfig.o
 .data          0x00800100        0x0 .build/obj_atreus62_ernest/common/avr/suspend.o
 .data          0x00800100        0x0 .build/obj_atreus62_ernest/common/avr/timer.o
 .data          0x00800100        0x0 .build/obj_atreus62_ernest/common/avr/bootloader.o
 .data          0x00800100        0x0 .build/obj_atreus62_ernest/common/avr/xprintf.o
 .data          0x00800100        0x0 .build/obj_atreus62_ernest/common/magic.o
 .data          0x00800100        0x0 .build/obj_atreus62_ernest/common/mousekey.o
 .data          0x00800100        0x0 .build/obj_atreus62_ernest/common/command.o
 .data          0x00800100        0x0 .build/obj_atreus62_ernest/lufa.o
 .data          0x00800100        0x0 .build/obj_atreus62_ernest/descriptor.o
 .data          0x00800100        0x0 .build/obj_atreus62_ernest/outputselect.o
 .data          0x00800100        0x0 .build/obj_atreus62_ernest/protocol/lufa/LUFA-git/LUFA/Drivers/USB/Class/Common/HIDParser.o
 .data          0x00800100        0x0 .build/obj_atreus62_ernest/protocol/lufa/LUFA-git/LUFA/Drivers/USB/Core/AVR8/Device_AVR8.o
 .data          0x00800100        0x0 .build/obj_atreus62_ernest/protocol/lufa/LUFA-git/LUFA/Drivers/USB/Core/AVR8/EndpointStream_AVR8.o
 .data          0x00800100        0x0 .build/obj_atreus62_ernest/protocol/lufa/LUFA-git/LUFA/Drivers/USB/Core/AVR8/Endpoint_AVR8.o
 .data          0x00800100        0x0 .build/obj_atreus62_ernest/protocol/lufa/LUFA-git/LUFA/Drivers/USB/Core/AVR8/Host_AVR8.o
 .data          0x00800100        0x0 .build/obj_atreus62_ernest/protocol/lufa/LUFA-git/LUFA/Drivers/USB/Core/AVR8/PipeStream_AVR8.o
 .data          0x00800100        0x0 .build/obj_atreus62_ernest/protocol/lufa/LUFA-git/LUFA/Drivers/USB/Core/AVR8/Pipe_AVR8.o
 .data          0x00800100        0x0 .build/obj_atreus62_ernest/protocol/lufa/LUFA-git/LUFA/Drivers/USB/Core/AVR8/USBController_AVR8.o
 .data          0x00800100        0x0 .build/obj_atreus62_ernest/protocol/lufa/LUFA-git/LUFA/Drivers/USB/Core/AVR8/USBInterrupt_AVR8.o
 .data          0x00800100        0x0 .build/obj_atreus62_ernest/protocol/lufa/LUFA-git/LUFA/Drivers/USB/Core/ConfigDescriptors.o
 .data          0x00800100        0x0 .build/obj_atreus62_ernest/protocol/lufa/LUFA-git/LUFA/Drivers/USB/Core/DeviceStandardReq.o
 .data          0x00800100        0x0 .build/obj_atreus62_ernest/protocol/lufa/LUFA-git/LUFA/Drivers/USB/Core/Events.o
 .data          0x00800100        0x0 .build/obj_atreus62_ernest/protocol/lufa/LUFA-git/LUFA/Drivers/USB/Core/HostStandardReq.o
 .data          0x00800100        0x0 .build/obj_atreus62_ernest/protocol/lufa/LUFA-git/LUFA/Drivers/USB/Core/USBTask.o
 .data          0x00800100        0x0 c:/program files (x86)/mhv avr tools/bin/../lib/gcc/avr/4.8.2/../../../../avr/lib/avr5\libm.a(fixsfsi.o)
 .data          0x00800100        0x0 c:/program files (x86)/mhv avr tools/bin/../lib/gcc/avr/4.8.2/../../../../avr/lib/avr5\libm.a(fixunssfsi.o)
 .data          0x00800100        0x0 c:/program files (x86)/mhv avr tools/bin/../lib/gcc/avr/4.8.2/../../../../avr/lib/avr5\libm.a(floatsisf.o)
 .data          0x00800100        0x0 c:/program files (x86)/mhv avr tools/bin/../lib/gcc/avr/4.8.2/../../../../avr/lib/avr5\libm.a(fp_split3.o)
 .data          0x00800100        0x0 c:/program files (x86)/mhv avr tools/bin/../lib/gcc/avr/4.8.2/../../../../avr/lib/avr5\libm.a(fp_zero.o)
 .data          0x00800100        0x0 c:/program files (x86)/mhv avr tools/bin/../lib/gcc/avr/4.8.2/../../../../avr/lib/avr5\libm.a(mulsf3.o)
 .data          0x00800100        0x0 c:/program files (x86)/mhv avr tools/bin/../lib/gcc/avr/4.8.2/../../../../avr/lib/avr5\libm.a(mulsf3x.o)
 .data          0x00800100        0x0 c:/program files (x86)/mhv avr tools/bin/../lib/gcc/avr/4.8.2/../../../../avr/lib/avr5\libm.a(fp_inf.o)
 .data          0x00800100        0x0 c:/program files (x86)/mhv avr tools/bin/../lib/gcc/avr/4.8.2/../../../../avr/lib/avr5\libm.a(fp_nan.o)
 .data          0x00800100        0x0 c:/program files (x86)/mhv avr tools/bin/../lib/gcc/avr/4.8.2/../../../../avr/lib/avr5\libm.a(fp_pscA.o)
 .data          0x00800100        0x0 c:/program files (x86)/mhv avr tools/bin/../lib/gcc/avr/4.8.2/../../../../avr/lib/avr5\libm.a(fp_pscB.o)
 .data          0x00800100        0x0 c:/program files (x86)/mhv avr tools/bin/../lib/gcc/avr/4.8.2/../../../../avr/lib/avr5\libm.a(fp_round.o)
 .data          0x00800100        0x0 c:/program files (x86)/mhv avr tools/bin/../lib/gcc/avr/4.8.2/avr5\libgcc.a(_divmodhi4.o)
 .data          0x00800100        0x0 c:/program files (x86)/mhv avr tools/bin/../lib/gcc/avr/4.8.2/avr5\libgcc.a(_exit.o)
 .data          0x00800100        0x0 c:/program files (x86)/mhv avr tools/bin/../lib/gcc/avr/4.8.2/avr5\libgcc.a(_tablejump.o)
 .data          0x00800100        0x0 c:/program files (x86)/mhv avr tools/bin/../lib/gcc/avr/4.8.2/avr5\libgcc.a(_copy_data.o)
 .data          0x00800100        0x0 c:/program files (x86)/mhv avr tools/bin/../lib/gcc/avr/4.8.2/avr5\libgcc.a(_clear_bss.o)
 .data          0x00800100        0x0 c:/program files (x86)/mhv avr tools/bin/../lib/gcc/avr/4.8.2/avr5\libgcc.a(_udivmodhi4.o)
 .data          0x00800100        0x0 c:/program files (x86)/mhv avr tools/bin/../lib/gcc/avr/4.8.2/../../../../avr/lib/avr5\libc.a(eerd_byte_atmega32u4.o)
 .data          0x00800100        0x0 c:/program files (x86)/mhv avr tools/bin/../lib/gcc/avr/4.8.2/../../../../avr/lib/avr5\libc.a(eerd_word_atmega32u4.o)
 .data          0x00800100        0x0 c:/program files (x86)/mhv avr tools/bin/../lib/gcc/avr/4.8.2/../../../../avr/lib/avr5\libc.a(eeupd_byte_atmega32u4.o)
 .data          0x00800100        0x0 c:/program files (x86)/mhv avr tools/bin/../lib/gcc/avr/4.8.2/../../../../avr/lib/avr5\libc.a(eeupd_word_atmega32u4.o)
 .data          0x00800100        0x0 c:/program files (x86)/mhv avr tools/bin/../lib/gcc/avr/4.8.2/../../../../avr/lib/avr5\libc.a(eerd_block_atmega32u4.o)
 *(.data*)
 .data.tap_dance_actions
                0x00800100       0x33 .build/obj_atreus62_ernest/keyboards/atreus62/keymaps/ernest/keymap.o
                0x00800100                tap_dance_actions
 .data.highest_td
                0x00800133        0x1 .build/obj_atreus62_ernest/quantum/process_keycode/process_tap_dance.o
 .data.keyboard_report
                0x00800134        0x2 .build/obj_atreus62_ernest/common/action_util.o
                0x00800134                keyboard_report
 .data.mk_wheel_time_to_max
                0x00800136        0x1 .build/obj_atreus62_ernest/common/mousekey.o
                0x00800136                mk_wheel_time_to_max
 .data.mk_wheel_max_speed
                0x00800137        0x1 .build/obj_atreus62_ernest/common/mousekey.o
                0x00800137                mk_wheel_max_speed
 .data.mk_time_to_max
                0x00800138        0x1 .build/obj_atreus62_ernest/common/mousekey.o
                0x00800138                mk_time_to_max
 .data.mk_max_speed
                0x00800139        0x1 .build/obj_atreus62_ernest/common/mousekey.o
                0x00800139                mk_max_speed
 .data.mk_interval
                0x0080013a        0x1 .build/obj_atreus62_ernest/common/mousekey.o
                0x0080013a                mk_interval
 .data.mk_delay
                0x0080013b        0x1 .build/obj_atreus62_ernest/common/mousekey.o
                0x0080013b                mk_delay
 .data.lufa_driver
                0x0080013c        0xa .build/obj_atreus62_ernest/lufa.o
                0x0080013c                lufa_driver
 .data.keyboard_protocol
                0x00800146        0x1 .build/obj_atreus62_ernest/lufa.o
                0x00800146                keyboard_protocol
 *(.rodata)
 *(.rodata*)
 .rodata.col_pins
                0x00800147        0xd .build/obj_atreus62_ernest/quantum/matrix.o
 .rodata.row_pins
                0x00800154        0x5 .build/obj_atreus62_ernest/quantum/matrix.o
 .rodata.CSWTCH.46
                0x00800159        0xa .build/obj_atreus62_ernest/common/command.o
 .rodata.CSWTCH.3
                0x00800163        0x3 .build/obj_atreus62_ernest/descriptor.o
 .rodata.CSWTCH.2
                0x00800166        0x6 .build/obj_atreus62_ernest/descriptor.o
 .rodata.CSWTCH.1
                0x0080016c        0x6 .build/obj_atreus62_ernest/descriptor.o
 *(.gnu.linkonce.d*)
                0x00800172                . = ALIGN (0x2)
                0x00800172                _edata = .
                0x00800172                PROVIDE (__data_end, .)

.bss            0x00800172       0xeb
                0x00800172                PROVIDE (__bss_start, .)
 *(.bss)
 *(.bss*)
 .bss.scs_timer
                0x00800172        0x4 .build/obj_atreus62_ernest/quantum/quantum.o
 .bss.shift_interrupted
                0x00800176        0x2 .build/obj_atreus62_ernest/quantum/quantum.o
 .bss.leader_sequence_size
                0x00800178        0x1 .build/obj_atreus62_ernest/quantum/process_keycode/process_leader.o
                0x00800178                leader_sequence_size
 .bss.leader_sequence
                0x00800179        0xa .build/obj_atreus62_ernest/quantum/process_keycode/process_leader.o
                0x00800179                leader_sequence
 .bss.leader_time
                0x00800183        0x2 .build/obj_atreus62_ernest/quantum/process_keycode/process_leader.o
                0x00800183                leader_time
 .bss.leading   0x00800185        0x1 .build/obj_atreus62_ernest/quantum/process_keycode/process_leader.o
                0x00800185                leading
 .bss.matrix_debouncing
                0x00800186        0xa .build/obj_atreus62_ernest/quantum/matrix.o
 .bss.matrix    0x00800190        0xa .build/obj_atreus62_ernest/quantum/matrix.o
 .bss.debouncing
                0x0080019a        0x1 .build/obj_atreus62_ernest/quantum/matrix.o
 .bss.debouncing_time
                0x0080019b        0x2 .build/obj_atreus62_ernest/quantum/matrix.o
 .bss.first_flag
                0x0080019d        0x1 .build/obj_atreus62_ernest/quantum/process_keycode/process_unicode.o
 .bss.input_mode
                0x0080019e        0x1 .build/obj_atreus62_ernest/quantum/process_keycode/process_unicode_common.o
 .bss.last_td   0x0080019f        0x2 .build/obj_atreus62_ernest/quantum/process_keycode/process_tap_dance.o
 .bss.last_consumer_report
                0x008001a1        0x2 .build/obj_atreus62_ernest/common/host.o
 .bss.last_system_report
                0x008001a3        0x2 .build/obj_atreus62_ernest/common/host.o
 .bss.driver    0x008001a5        0x2 .build/obj_atreus62_ernest/common/host.o
 .bss.led_status.2659
                0x008001a7        0x1 .build/obj_atreus62_ernest/common/keyboard.o
 .bss.matrix_prev.2658
                0x008001a8        0xa .build/obj_atreus62_ernest/common/keyboard.o
 .bss.disable_action_cache
                0x008001b2        0x1 .build/obj_atreus62_ernest/common/action.o
                0x008001b2                disable_action_cache
 .bss.waiting_buffer_tail
                0x008001b3        0x1 .build/obj_atreus62_ernest/common/action_tapping.o
 .bss.waiting_buffer_head
                0x008001b4        0x1 .build/obj_atreus62_ernest/common/action_tapping.o
 .bss.waiting_buffer
                0x008001b5       0x30 .build/obj_atreus62_ernest/common/action_tapping.o
 .bss.tapping_key
                0x008001e5        0x6 .build/obj_atreus62_ernest/common/action_tapping.o
 .bss.source_layers_cache
                0x008001eb       0x2d .build/obj_atreus62_ernest/common/action_layer.o
                0x008001eb                source_layers_cache
 .bss.layer_state
                0x00800218        0x4 .build/obj_atreus62_ernest/common/action_layer.o
                0x00800218                layer_state
 .bss.default_layer_state
                0x0080021c        0x4 .build/obj_atreus62_ernest/common/action_layer.o
                0x0080021c                default_layer_state
 .bss.oneshot_layer_time
                0x00800220        0x2 .build/obj_atreus62_ernest/common/action_util.o
 .bss.oneshot_layer_data
                0x00800222        0x1 .build/obj_atreus62_ernest/common/action_util.o
 .bss.oneshot_time
                0x00800223        0x2 .build/obj_atreus62_ernest/common/action_util.o
 .bss.oneshot_mods
                0x00800225        0x1 .build/obj_atreus62_ernest/common/action_util.o
 .bss.__compound_literal.0
                0x00800226        0x8 .build/obj_atreus62_ernest/common/action_util.o
 .bss.macro_mods
                0x0080022e        0x1 .build/obj_atreus62_ernest/common/action_util.o
 .bss.weak_mods
                0x0080022f        0x1 .build/obj_atreus62_ernest/common/action_util.o
 .bss.real_mods
                0x00800230        0x1 .build/obj_atreus62_ernest/common/action_util.o
 .bss.debug_config
                0x00800231        0x1 .build/obj_atreus62_ernest/common/debug.o
                0x00800231                debug_config
 .bss.wdt_timeout
                0x00800232        0x1 .build/obj_atreus62_ernest/common/avr/suspend.o
 .bss.last_timer
                0x00800233        0x2 .build/obj_atreus62_ernest/common/mousekey.o
 .bss.mousekey_accel
                0x00800235        0x1 .build/obj_atreus62_ernest/common/mousekey.o
 .bss.mousekey_repeat
                0x00800236        0x1 .build/obj_atreus62_ernest/common/mousekey.o
 .bss.mouse_report
                0x00800237        0x5 .build/obj_atreus62_ernest/common/mousekey.o
 .bss.mousekey_param
                0x0080023c        0x1 .build/obj_atreus62_ernest/common/command.o
 .bss.command_state
                0x0080023d        0x1 .build/obj_atreus62_ernest/common/command.o
                0x0080023d                command_state
 .bss.keyboard_report_sent
                0x0080023e        0x8 .build/obj_atreus62_ernest/lufa.o
 .bss.keyboard_led_stats
                0x00800246        0x1 .build/obj_atreus62_ernest/lufa.o
 .bss.keyboard_idle
                0x00800247        0x1 .build/obj_atreus62_ernest/lufa.o
                0x00800247                keyboard_idle
 .bss.desired_output
                0x00800248        0x1 .build/obj_atreus62_ernest/outputselect.o
                0x00800248                desired_output
 *(COMMON)
 COMMON         0x00800249        0x1 .build/obj_atreus62_ernest/quantum/process_keycode/process_unicode_common.o
                0x00800249                mods
 COMMON         0x0080024a        0x4 .build/obj_atreus62_ernest/common/avr/timer.o
                0x0080024a                timer_count
 COMMON         0x0080024e        0x2 .build/obj_atreus62_ernest/common/magic.o
                0x0080024e                keymap_config
 COMMON         0x00800250        0x3 .build/obj_atreus62_ernest/protocol/lufa/LUFA-git/LUFA/Drivers/USB/Core/DeviceStandardReq.o
                0x00800250                USB_Device_ConfigurationNumber
                0x00800251                USB_Device_CurrentlySelfPowered
                0x00800252                USB_Device_RemoteWakeupEnabled
 COMMON         0x00800253        0xa .build/obj_atreus62_ernest/protocol/lufa/LUFA-git/LUFA/Drivers/USB/Core/USBTask.o
                0x00800253                USB_IsInitialized
                0x00800254                USB_DeviceState
                0x00800255                USB_ControlRequest
                0x0080025d                PROVIDE (__bss_end, .)
                0x00004bae                __data_load_start = LOADADDR (.data)
                0x00004c20                __data_load_end = (__data_load_start + SIZEOF (.data))

.noinit         0x0080025d        0x4
                0x0080025d                PROVIDE (__noinit_start, .)
 *(.noinit*)
 .noinit        0x0080025d        0x4 .build/obj_atreus62_ernest/common/avr/bootloader.o
                0x0080025d                reset_key
                0x00800261                PROVIDE (__noinit_end, .)
                0x00800261                _end = .
                0x00800261                PROVIDE (__heap_start, .)

.eeprom         0x00810000        0x0
 *(.eeprom*)
                0x00810000                __eeprom_end = .

.fuse
 *(.fuse)
 *(.lfuse)
 *(.hfuse)
 *(.efuse)

.lock
 *(.lock*)

.signature
 *(.signature*)

.stab           0x00000000       0x24
 *(.stab)
 .stab          0x00000000       0x24 .build/obj_atreus62_ernest/common/avr/xprintf.o
                                0x8b8 (size before relaxing)

.stabstr        0x00000000       0x8d
 *(.stabstr)
 .stabstr       0x00000000       0x8d .build/obj_atreus62_ernest/common/avr/xprintf.o

.stab.excl
 *(.stab.excl)

.stab.exclstr
 *(.stab.exclstr)

.stab.index
 *(.stab.index)

.stab.indexstr
 *(.stab.indexstr)

.comment        0x00000000       0x27
 *(.comment)
 .comment       0x00000000       0x27 .build/obj_atreus62_ernest/keyboards/atreus62/atreus62.o
                                 0x28 (size before relaxing)
 .comment       0x00000000       0x28 .build/obj_atreus62_ernest/keyboards/atreus62/keymaps/ernest/keymap.o
 .comment       0x00000000       0x28 .build/obj_atreus62_ernest/quantum/quantum.o
 .comment       0x00000000       0x28 .build/obj_atreus62_ernest/quantum/keymap_common.o
 .comment       0x00000000       0x28 .build/obj_atreus62_ernest/quantum/keycode_config.o
 .comment       0x00000000       0x28 .build/obj_atreus62_ernest/quantum/process_keycode/process_leader.o
 .comment       0x00000000       0x28 .build/obj_atreus62_ernest/quantum/matrix.o
 .comment       0x00000000       0x28 .build/obj_atreus62_ernest/quantum/process_keycode/process_unicode.o
 .comment       0x00000000       0x28 .build/obj_atreus62_ernest/quantum/process_keycode/process_unicode_common.o
 .comment       0x00000000       0x28 .build/obj_atreus62_ernest/quantum/process_keycode/process_tap_dance.o
 .comment       0x00000000       0x28 .build/obj_atreus62_ernest/common/host.o
 .comment       0x00000000       0x28 .build/obj_atreus62_ernest/common/keyboard.o
 .comment       0x00000000       0x28 .build/obj_atreus62_ernest/common/action.o
 .comment       0x00000000       0x28 .build/obj_atreus62_ernest/common/action_tapping.o
 .comment       0x00000000       0x28 .build/obj_atreus62_ernest/common/action_macro.o
 .comment       0x00000000       0x28 .build/obj_atreus62_ernest/common/action_layer.o
 .comment       0x00000000       0x28 .build/obj_atreus62_ernest/common/action_util.o
 .comment       0x00000000       0x28 .build/obj_atreus62_ernest/common/print.o
 .comment       0x00000000       0x28 .build/obj_atreus62_ernest/common/debug.o
 .comment       0x00000000       0x28 .build/obj_atreus62_ernest/common/util.o
 .comment       0x00000000       0x28 .build/obj_atreus62_ernest/common/eeconfig.o
 .comment       0x00000000       0x28 .build/obj_atreus62_ernest/common/avr/suspend.o
 .comment       0x00000000       0x28 .build/obj_atreus62_ernest/common/avr/timer.o
 .comment       0x00000000       0x28 .build/obj_atreus62_ernest/common/avr/bootloader.o
 .comment       0x00000000       0x28 .build/obj_atreus62_ernest/common/magic.o
 .comment       0x00000000       0x28 .build/obj_atreus62_ernest/common/mousekey.o
 .comment       0x00000000       0x28 .build/obj_atreus62_ernest/common/command.o
 .comment       0x00000000       0x28 .build/obj_atreus62_ernest/lufa.o
 .comment       0x00000000       0x28 .build/obj_atreus62_ernest/descriptor.o
 .comment       0x00000000       0x28 .build/obj_atreus62_ernest/outputselect.o
 .comment       0x00000000       0x28 .build/obj_atreus62_ernest/protocol/lufa/LUFA-git/LUFA/Drivers/USB/Class/Common/HIDParser.o
 .comment       0x00000000       0x28 .build/obj_atreus62_ernest/protocol/lufa/LUFA-git/LUFA/Drivers/USB/Core/AVR8/Device_AVR8.o
 .comment       0x00000000       0x28 .build/obj_atreus62_ernest/protocol/lufa/LUFA-git/LUFA/Drivers/USB/Core/AVR8/EndpointStream_AVR8.o
 .comment       0x00000000       0x28 .build/obj_atreus62_ernest/protocol/lufa/LUFA-git/LUFA/Drivers/USB/Core/AVR8/Endpoint_AVR8.o
 .comment       0x00000000       0x28 .build/obj_atreus62_ernest/protocol/lufa/LUFA-git/LUFA/Drivers/USB/Core/AVR8/Host_AVR8.o
 .comment       0x00000000       0x28 .build/obj_atreus62_ernest/protocol/lufa/LUFA-git/LUFA/Drivers/USB/Core/AVR8/PipeStream_AVR8.o
 .comment       0x00000000       0x28 .build/obj_atreus62_ernest/protocol/lufa/LUFA-git/LUFA/Drivers/USB/Core/AVR8/Pipe_AVR8.o
 .comment       0x00000000       0x28 .build/obj_atreus62_ernest/protocol/lufa/LUFA-git/LUFA/Drivers/USB/Core/AVR8/USBController_AVR8.o
 .comment       0x00000000       0x28 .build/obj_atreus62_ernest/protocol/lufa/LUFA-git/LUFA/Drivers/USB/Core/AVR8/USBInterrupt_AVR8.o
 .comment       0x00000000       0x28 .build/obj_atreus62_ernest/protocol/lufa/LUFA-git/LUFA/Drivers/USB/Core/ConfigDescriptors.o
 .comment       0x00000000       0x28 .build/obj_atreus62_ernest/protocol/lufa/LUFA-git/LUFA/Drivers/USB/Core/DeviceStandardReq.o
 .comment       0x00000000       0x28 .build/obj_atreus62_ernest/protocol/lufa/LUFA-git/LUFA/Drivers/USB/Core/Events.o
 .comment       0x00000000       0x28 .build/obj_atreus62_ernest/protocol/lufa/LUFA-git/LUFA/Drivers/USB/Core/HostStandardReq.o
 .comment       0x00000000       0x28 .build/obj_atreus62_ernest/protocol/lufa/LUFA-git/LUFA/Drivers/USB/Core/USBTask.o

.note.gnu.build-id
 *(.note.gnu.build-id)

.debug
 *(.debug)

.line
 *(.line)

.debug_srcinfo
 *(.debug_srcinfo)

.debug_sfnames
 *(.debug_sfnames)

.debug_aranges  0x00000000      0xdd8
 *(.debug_aranges)
 .debug_aranges
                0x00000000       0x18 .build/obj_atreus62_ernest/keyboards/atreus62/atreus62.o
 .debug_aranges
                0x00000018       0x60 .build/obj_atreus62_ernest/keyboards/atreus62/keymaps/ernest/keymap.o
 .debug_aranges
                0x00000078      0x110 .build/obj_atreus62_ernest/quantum/quantum.o
 .debug_aranges
                0x00000188       0x40 .build/obj_atreus62_ernest/quantum/keymap_common.o
 .debug_aranges
                0x000001c8       0x20 .build/obj_atreus62_ernest/quantum/keycode_config.o
 .debug_aranges
                0x000001e8       0x30 .build/obj_atreus62_ernest/quantum/process_keycode/process_leader.o
 .debug_aranges
                0x00000218       0x90 .build/obj_atreus62_ernest/quantum/matrix.o
 .debug_aranges
                0x000002a8       0x20 .build/obj_atreus62_ernest/quantum/process_keycode/process_unicode.o
 .debug_aranges
                0x000002c8       0x48 .build/obj_atreus62_ernest/quantum/process_keycode/process_unicode_common.o
 .debug_aranges
                0x00000310       0x48 .build/obj_atreus62_ernest/quantum/process_keycode/process_tap_dance.o
 .debug_aranges
                0x00000358       0x60 .build/obj_atreus62_ernest/common/host.o
 .debug_aranges
                0x000003b8       0x40 .build/obj_atreus62_ernest/common/keyboard.o
 .debug_aranges
                0x000003f8       0x90 .build/obj_atreus62_ernest/common/action.o
 .debug_aranges
                0x00000488       0x40 .build/obj_atreus62_ernest/common/action_tapping.o
 .debug_aranges
                0x000004c8       0x20 .build/obj_atreus62_ernest/common/action_macro.o
 .debug_aranges
                0x000004e8       0xd0 .build/obj_atreus62_ernest/common/action_layer.o
 .debug_aranges
                0x000005b8      0x138 .build/obj_atreus62_ernest/common/action_util.o
 .debug_aranges
                0x000006f0       0x18 .build/obj_atreus62_ernest/common/print.o
 .debug_aranges
                0x00000708       0x18 .build/obj_atreus62_ernest/common/debug.o
 .debug_aranges
                0x00000720       0x60 .build/obj_atreus62_ernest/common/util.o
 .debug_aranges
                0x00000780       0x68 .build/obj_atreus62_ernest/common/eeconfig.o
 .debug_aranges
                0x000007e8       0x50 .build/obj_atreus62_ernest/common/avr/suspend.o
 .debug_aranges
                0x00000838       0x50 .build/obj_atreus62_ernest/common/avr/timer.o
 .debug_aranges
                0x00000888       0x28 .build/obj_atreus62_ernest/common/avr/bootloader.o
 .debug_aranges
                0x000008b0       0x20 .build/obj_atreus62_ernest/common/magic.o
 .debug_aranges
                0x000008d0       0x50 .build/obj_atreus62_ernest/common/mousekey.o
 .debug_aranges
                0x00000920       0x50 .build/obj_atreus62_ernest/common/command.o
 .debug_aranges
                0x00000970       0x88 .build/obj_atreus62_ernest/lufa.o
 .debug_aranges
                0x000009f8       0x20 .build/obj_atreus62_ernest/descriptor.o
 .debug_aranges
                0x00000a18       0x38 .build/obj_atreus62_ernest/outputselect.o
 .debug_aranges
                0x00000a50       0x38 .build/obj_atreus62_ernest/protocol/lufa/LUFA-git/LUFA/Drivers/USB/Class/Common/HIDParser.o
 .debug_aranges
                0x00000a88       0x20 .build/obj_atreus62_ernest/protocol/lufa/LUFA-git/LUFA/Drivers/USB/Core/AVR8/Device_AVR8.o
 .debug_aranges
                0x00000aa8       0xc8 .build/obj_atreus62_ernest/protocol/lufa/LUFA-git/LUFA/Drivers/USB/Core/AVR8/EndpointStream_AVR8.o
 .debug_aranges
                0x00000b70       0x40 .build/obj_atreus62_ernest/protocol/lufa/LUFA-git/LUFA/Drivers/USB/Core/AVR8/Endpoint_AVR8.o
 .debug_aranges
                0x00000bb0       0x18 .build/obj_atreus62_ernest/protocol/lufa/LUFA-git/LUFA/Drivers/USB/Core/AVR8/Host_AVR8.o
 .debug_aranges
                0x00000bc8       0x18 .build/obj_atreus62_ernest/protocol/lufa/LUFA-git/LUFA/Drivers/USB/Core/AVR8/PipeStream_AVR8.o
 .debug_aranges
                0x00000be0       0x18 .build/obj_atreus62_ernest/protocol/lufa/LUFA-git/LUFA/Drivers/USB/Core/AVR8/Pipe_AVR8.o
 .debug_aranges
                0x00000bf8       0x30 .build/obj_atreus62_ernest/protocol/lufa/LUFA-git/LUFA/Drivers/USB/Core/AVR8/USBController_AVR8.o
 .debug_aranges
                0x00000c28       0x38 .build/obj_atreus62_ernest/protocol/lufa/LUFA-git/LUFA/Drivers/USB/Core/AVR8/USBInterrupt_AVR8.o
 .debug_aranges
                0x00000c60       0x40 .build/obj_atreus62_ernest/protocol/lufa/LUFA-git/LUFA/Drivers/USB/Core/ConfigDescriptors.o
 .debug_aranges
                0x00000ca0       0x20 .build/obj_atreus62_ernest/protocol/lufa/LUFA-git/LUFA/Drivers/USB/Core/DeviceStandardReq.o
 .debug_aranges
                0x00000cc0       0x20 .build/obj_atreus62_ernest/protocol/lufa/LUFA-git/LUFA/Drivers/USB/Core/Events.o
 .debug_aranges
                0x00000ce0       0x18 .build/obj_atreus62_ernest/protocol/lufa/LUFA-git/LUFA/Drivers/USB/Core/HostStandardReq.o
 .debug_aranges
                0x00000cf8       0x20 .build/obj_atreus62_ernest/protocol/lufa/LUFA-git/LUFA/Drivers/USB/Core/USBTask.o
 .debug_aranges
                0x00000d18       0x20 c:/program files (x86)/mhv avr tools/bin/../lib/gcc/avr/4.8.2/avr5\libgcc.a(_divmodhi4.o)
 .debug_aranges
                0x00000d38       0x20 c:/program files (x86)/mhv avr tools/bin/../lib/gcc/avr/4.8.2/avr5\libgcc.a(_exit.o)
 .debug_aranges
                0x00000d58       0x20 c:/program files (x86)/mhv avr tools/bin/../lib/gcc/avr/4.8.2/avr5\libgcc.a(_tablejump.o)
 .debug_aranges
                0x00000d78       0x20 c:/program files (x86)/mhv avr tools/bin/../lib/gcc/avr/4.8.2/avr5\libgcc.a(_copy_data.o)
 .debug_aranges
                0x00000d98       0x20 c:/program files (x86)/mhv avr tools/bin/../lib/gcc/avr/4.8.2/avr5\libgcc.a(_clear_bss.o)
 .debug_aranges
                0x00000db8       0x20 c:/program files (x86)/mhv avr tools/bin/../lib/gcc/avr/4.8.2/avr5\libgcc.a(_udivmodhi4.o)

.debug_pubnames
 *(.debug_pubnames)

.debug_info     0x00000000    0x1665f
 *(.debug_info .gnu.linkonce.wi.*)
 .debug_info    0x00000000      0x9f4 c:/program files (x86)/mhv avr tools/bin/../lib/gcc/avr/4.8.2/../../../../avr/lib/avr5/crtm32u4.o
 .debug_info    0x000009f4       0x7a .build/obj_atreus62_ernest/keyboards/atreus62/atreus62.o
 .debug_info    0x00000a6e     0x177a .build/obj_atreus62_ernest/keyboards/atreus62/keymaps/ernest/keymap.o
 .debug_info    0x000021e8     0x1fb4 .build/obj_atreus62_ernest/quantum/quantum.o
 .debug_info    0x0000419c     0x1795 .build/obj_atreus62_ernest/quantum/keymap_common.o
 .debug_info    0x00005931      0x5ec .build/obj_atreus62_ernest/quantum/keycode_config.o
 .debug_info    0x00005f1d      0xb8b .build/obj_atreus62_ernest/quantum/process_keycode/process_leader.o
 .debug_info    0x00006aa8      0x6b0 .build/obj_atreus62_ernest/quantum/matrix.o
 .debug_info    0x00007158      0xba4 .build/obj_atreus62_ernest/quantum/process_keycode/process_unicode.o
 .debug_info    0x00007cfc      0xa19 .build/obj_atreus62_ernest/quantum/process_keycode/process_unicode_common.o
 .debug_info    0x00008715     0x10d5 .build/obj_atreus62_ernest/quantum/process_keycode/process_tap_dance.o
 .debug_info    0x000097ea      0x450 .build/obj_atreus62_ernest/common/host.o
 .debug_info    0x00009c3a      0x418 .build/obj_atreus62_ernest/common/keyboard.o
 .debug_info    0x0000a052     0x1992 .build/obj_atreus62_ernest/common/action.o
 .debug_info    0x0000b9e4      0xe7f .build/obj_atreus62_ernest/common/action_tapping.o
 .debug_info    0x0000c863      0x7f3 .build/obj_atreus62_ernest/common/action_macro.o
 .debug_info    0x0000d056      0xaae .build/obj_atreus62_ernest/common/action_layer.o
 .debug_info    0x0000db04      0x89a .build/obj_atreus62_ernest/common/action_util.o
 .debug_info    0x0000e39e       0x56 .build/obj_atreus62_ernest/common/print.o
 .debug_info    0x0000e3f4       0xfc .build/obj_atreus62_ernest/common/debug.o
 .debug_info    0x0000e4f0      0x29b .build/obj_atreus62_ernest/common/util.o
 .debug_info    0x0000e78b      0x3cf .build/obj_atreus62_ernest/common/eeconfig.o
 .debug_info    0x0000eb5a      0x2b8 .build/obj_atreus62_ernest/common/avr/suspend.o
 .debug_info    0x0000ee12      0x39a .build/obj_atreus62_ernest/common/avr/timer.o
 .debug_info    0x0000f1ac      0x120 .build/obj_atreus62_ernest/common/avr/bootloader.o
 .debug_info    0x0000f2cc      0x29a .build/obj_atreus62_ernest/common/magic.o
 .debug_info    0x0000f566      0x626 .build/obj_atreus62_ernest/common/mousekey.o
 .debug_info    0x0000fb8c      0xa1a .build/obj_atreus62_ernest/common/command.o
 .debug_info    0x000105a6      0xf36 .build/obj_atreus62_ernest/lufa.o
 .debug_info    0x000114dc      0x768 .build/obj_atreus62_ernest/descriptor.o
 .debug_info    0x00011c44      0x1a7 .build/obj_atreus62_ernest/outputselect.o
 .debug_info    0x00011deb      0x73e .build/obj_atreus62_ernest/protocol/lufa/LUFA-git/LUFA/Drivers/USB/Class/Common/HIDParser.o
 .debug_info    0x00012529       0xd2 .build/obj_atreus62_ernest/protocol/lufa/LUFA-git/LUFA/Drivers/USB/Core/AVR8/Device_AVR8.o
 .debug_info    0x000125fb     0x17b4 .build/obj_atreus62_ernest/protocol/lufa/LUFA-git/LUFA/Drivers/USB/Core/AVR8/EndpointStream_AVR8.o
 .debug_info    0x00013daf      0x614 .build/obj_atreus62_ernest/protocol/lufa/LUFA-git/LUFA/Drivers/USB/Core/AVR8/Endpoint_AVR8.o
 .debug_info    0x000143c3       0x56 .build/obj_atreus62_ernest/protocol/lufa/LUFA-git/LUFA/Drivers/USB/Core/AVR8/Host_AVR8.o
 .debug_info    0x00014419       0x56 .build/obj_atreus62_ernest/protocol/lufa/LUFA-git/LUFA/Drivers/USB/Core/AVR8/PipeStream_AVR8.o
 .debug_info    0x0001446f       0x56 .build/obj_atreus62_ernest/protocol/lufa/LUFA-git/LUFA/Drivers/USB/Core/AVR8/Pipe_AVR8.o
 .debug_info    0x000144c5      0x4cb .build/obj_atreus62_ernest/protocol/lufa/LUFA-git/LUFA/Drivers/USB/Core/AVR8/USBController_AVR8.o
 .debug_info    0x00014990      0x7c4 .build/obj_atreus62_ernest/protocol/lufa/LUFA-git/LUFA/Drivers/USB/Core/AVR8/USBInterrupt_AVR8.o
 .debug_info    0x00015154      0x3cd .build/obj_atreus62_ernest/protocol/lufa/LUFA-git/LUFA/Drivers/USB/Core/ConfigDescriptors.o
 .debug_info    0x00015521      0xa57 .build/obj_atreus62_ernest/protocol/lufa/LUFA-git/LUFA/Drivers/USB/Core/DeviceStandardReq.o
 .debug_info    0x00015f78       0x78 .build/obj_atreus62_ernest/protocol/lufa/LUFA-git/LUFA/Drivers/USB/Core/Events.o
 .debug_info    0x00015ff0       0x56 .build/obj_atreus62_ernest/protocol/lufa/LUFA-git/LUFA/Drivers/USB/Core/HostStandardReq.o
 .debug_info    0x00016046      0x26b .build/obj_atreus62_ernest/protocol/lufa/LUFA-git/LUFA/Drivers/USB/Core/USBTask.o
 .debug_info    0x000162b1       0x9d c:/program files (x86)/mhv avr tools/bin/../lib/gcc/avr/4.8.2/avr5\libgcc.a(_divmodhi4.o)
 .debug_info    0x0001634e       0x9d c:/program files (x86)/mhv avr tools/bin/../lib/gcc/avr/4.8.2/avr5\libgcc.a(_exit.o)
 .debug_info    0x000163eb       0x9d c:/program files (x86)/mhv avr tools/bin/../lib/gcc/avr/4.8.2/avr5\libgcc.a(_tablejump.o)
 .debug_info    0x00016488       0x9d c:/program files (x86)/mhv avr tools/bin/../lib/gcc/avr/4.8.2/avr5\libgcc.a(_copy_data.o)
 .debug_info    0x00016525       0x9d c:/program files (x86)/mhv avr tools/bin/../lib/gcc/avr/4.8.2/avr5\libgcc.a(_clear_bss.o)
 .debug_info    0x000165c2       0x9d c:/program files (x86)/mhv avr tools/bin/../lib/gcc/avr/4.8.2/avr5\libgcc.a(_udivmodhi4.o)

.debug_abbrev   0x00000000     0x5285
 *(.debug_abbrev)
 .debug_abbrev  0x00000000      0x96a c:/program files (x86)/mhv avr tools/bin/../lib/gcc/avr/4.8.2/../../../../avr/lib/avr5/crtm32u4.o
 .debug_abbrev  0x0000096a       0x40 .build/obj_atreus62_ernest/keyboards/atreus62/atreus62.o
 .debug_abbrev  0x000009aa      0x2f8 .build/obj_atreus62_ernest/keyboards/atreus62/keymaps/ernest/keymap.o
 .debug_abbrev  0x00000ca2      0x3ef .build/obj_atreus62_ernest/quantum/quantum.o
 .debug_abbrev  0x00001091      0x221 .build/obj_atreus62_ernest/quantum/keymap_common.o
 .debug_abbrev  0x000012b2       0xd0 .build/obj_atreus62_ernest/quantum/keycode_config.o
 .debug_abbrev  0x00001382      0x145 .build/obj_atreus62_ernest/quantum/process_keycode/process_leader.o
 .debug_abbrev  0x000014c7      0x2f9 .build/obj_atreus62_ernest/quantum/matrix.o
 .debug_abbrev  0x000017c0      0x164 .build/obj_atreus62_ernest/quantum/process_keycode/process_unicode.o
 .debug_abbrev  0x00001924      0x261 .build/obj_atreus62_ernest/quantum/process_keycode/process_unicode_common.o
 .debug_abbrev  0x00001b85      0x297 .build/obj_atreus62_ernest/quantum/process_keycode/process_tap_dance.o
 .debug_abbrev  0x00001e1c      0x16f .build/obj_atreus62_ernest/common/host.o
 .debug_abbrev  0x00001f8b      0x22b .build/obj_atreus62_ernest/common/keyboard.o
 .debug_abbrev  0x000021b6      0x385 .build/obj_atreus62_ernest/common/action.o
 .debug_abbrev  0x0000253b      0x2ef .build/obj_atreus62_ernest/common/action_tapping.o
 .debug_abbrev  0x0000282a      0x161 .build/obj_atreus62_ernest/common/action_macro.o
 .debug_abbrev  0x0000298b      0x261 .build/obj_atreus62_ernest/common/action_layer.o
 .debug_abbrev  0x00002bec      0x28c .build/obj_atreus62_ernest/common/action_util.o
 .debug_abbrev  0x00002e78       0x26 .build/obj_atreus62_ernest/common/print.o
 .debug_abbrev  0x00002e9e       0x87 .build/obj_atreus62_ernest/common/debug.o
 .debug_abbrev  0x00002f25       0xcb .build/obj_atreus62_ernest/common/util.o
 .debug_abbrev  0x00002ff0       0xef .build/obj_atreus62_ernest/common/eeconfig.o
 .debug_abbrev  0x000030df      0x1be .build/obj_atreus62_ernest/common/avr/suspend.o
 .debug_abbrev  0x0000329d      0x184 .build/obj_atreus62_ernest/common/avr/timer.o
 .debug_abbrev  0x00003421       0xa7 .build/obj_atreus62_ernest/common/avr/bootloader.o
 .debug_abbrev  0x000034c8      0x11c .build/obj_atreus62_ernest/common/magic.o
 .debug_abbrev  0x000035e4      0x1e2 .build/obj_atreus62_ernest/common/mousekey.o
 .debug_abbrev  0x000037c6      0x2c2 .build/obj_atreus62_ernest/common/command.o
 .debug_abbrev  0x00003a88      0x3ab .build/obj_atreus62_ernest/lufa.o
 .debug_abbrev  0x00003e33      0x177 .build/obj_atreus62_ernest/descriptor.o
 .debug_abbrev  0x00003faa      0x127 .build/obj_atreus62_ernest/outputselect.o
 .debug_abbrev  0x000040d1      0x21e .build/obj_atreus62_ernest/protocol/lufa/LUFA-git/LUFA/Drivers/USB/Class/Common/HIDParser.o
 .debug_abbrev  0x000042ef       0x80 .build/obj_atreus62_ernest/protocol/lufa/LUFA-git/LUFA/Drivers/USB/Core/AVR8/Device_AVR8.o
 .debug_abbrev  0x0000436f      0x213 .build/obj_atreus62_ernest/protocol/lufa/LUFA-git/LUFA/Drivers/USB/Core/AVR8/EndpointStream_AVR8.o
 .debug_abbrev  0x00004582      0x222 .build/obj_atreus62_ernest/protocol/lufa/LUFA-git/LUFA/Drivers/USB/Core/AVR8/Endpoint_AVR8.o
 .debug_abbrev  0x000047a4       0x26 .build/obj_atreus62_ernest/protocol/lufa/LUFA-git/LUFA/Drivers/USB/Core/AVR8/Host_AVR8.o
 .debug_abbrev  0x000047ca       0x26 .build/obj_atreus62_ernest/protocol/lufa/LUFA-git/LUFA/Drivers/USB/Core/AVR8/PipeStream_AVR8.o
 .debug_abbrev  0x000047f0       0x26 .build/obj_atreus62_ernest/protocol/lufa/LUFA-git/LUFA/Drivers/USB/Core/AVR8/Pipe_AVR8.o
 .debug_abbrev  0x00004816      0x196 .build/obj_atreus62_ernest/protocol/lufa/LUFA-git/LUFA/Drivers/USB/Core/AVR8/USBController_AVR8.o
 .debug_abbrev  0x000049ac      0x234 .build/obj_atreus62_ernest/protocol/lufa/LUFA-git/LUFA/Drivers/USB/Core/AVR8/USBInterrupt_AVR8.o
 .debug_abbrev  0x00004be0      0x183 .build/obj_atreus62_ernest/protocol/lufa/LUFA-git/LUFA/Drivers/USB/Core/ConfigDescriptors.o
 .debug_abbrev  0x00004d63      0x2d8 .build/obj_atreus62_ernest/protocol/lufa/LUFA-git/LUFA/Drivers/USB/Core/DeviceStandardReq.o
 .debug_abbrev  0x0000503b       0x44 .build/obj_atreus62_ernest/protocol/lufa/LUFA-git/LUFA/Drivers/USB/Core/Events.o
 .debug_abbrev  0x0000507f       0x26 .build/obj_atreus62_ernest/protocol/lufa/LUFA-git/LUFA/Drivers/USB/Core/HostStandardReq.o
 .debug_abbrev  0x000050a5      0x168 .build/obj_atreus62_ernest/protocol/lufa/LUFA-git/LUFA/Drivers/USB/Core/USBTask.o
 .debug_abbrev  0x0000520d       0x14 c:/program files (x86)/mhv avr tools/bin/../lib/gcc/avr/4.8.2/avr5\libgcc.a(_divmodhi4.o)
 .debug_abbrev  0x00005221       0x14 c:/program files (x86)/mhv avr tools/bin/../lib/gcc/avr/4.8.2/avr5\libgcc.a(_exit.o)
 .debug_abbrev  0x00005235       0x14 c:/program files (x86)/mhv avr tools/bin/../lib/gcc/avr/4.8.2/avr5\libgcc.a(_tablejump.o)
 .debug_abbrev  0x00005249       0x14 c:/program files (x86)/mhv avr tools/bin/../lib/gcc/avr/4.8.2/avr5\libgcc.a(_copy_data.o)
 .debug_abbrev  0x0000525d       0x14 c:/program files (x86)/mhv avr tools/bin/../lib/gcc/avr/4.8.2/avr5\libgcc.a(_clear_bss.o)
 .debug_abbrev  0x00005271       0x14 c:/program files (x86)/mhv avr tools/bin/../lib/gcc/avr/4.8.2/avr5\libgcc.a(_udivmodhi4.o)

.debug_line     0x00000000     0x646d
 *(.debug_line .debug_line.* .debug_line_end)
 .debug_line    0x00000000       0x1a c:/program files (x86)/mhv avr tools/bin/../lib/gcc/avr/4.8.2/../../../../avr/lib/avr5/crtm32u4.o
 .debug_line    0x0000001a       0x8d .build/obj_atreus62_ernest/keyboards/atreus62/atreus62.o
 .debug_line    0x000000a7      0x2fb .build/obj_atreus62_ernest/keyboards/atreus62/keymaps/ernest/keymap.o
 .debug_line    0x000003a2      0x542 .build/obj_atreus62_ernest/quantum/quantum.o
 .debug_line    0x000008e4      0x250 .build/obj_atreus62_ernest/quantum/keymap_common.o
 .debug_line    0x00000b34       0xdd .build/obj_atreus62_ernest/quantum/keycode_config.o
 .debug_line    0x00000c11      0x15e .build/obj_atreus62_ernest/quantum/process_keycode/process_leader.o
 .debug_line    0x00000d6f      0x258 .build/obj_atreus62_ernest/quantum/matrix.o
 .debug_line    0x00000fc7      0x14b .build/obj_atreus62_ernest/quantum/process_keycode/process_unicode.o
 .debug_line    0x00001112      0x270 .build/obj_atreus62_ernest/quantum/process_keycode/process_unicode_common.o
 .debug_line    0x00001382      0x221 .build/obj_atreus62_ernest/quantum/process_keycode/process_tap_dance.o
 .debug_line    0x000015a3      0x139 .build/obj_atreus62_ernest/common/host.o
 .debug_line    0x000016dc      0x16b .build/obj_atreus62_ernest/common/keyboard.o
 .debug_line    0x00001847      0x44c .build/obj_atreus62_ernest/common/action.o
 .debug_line    0x00001c93      0x27b .build/obj_atreus62_ernest/common/action_tapping.o
 .debug_line    0x00001f0e      0x146 .build/obj_atreus62_ernest/common/action_macro.o
 .debug_line    0x00002054      0x277 .build/obj_atreus62_ernest/common/action_layer.o
 .debug_line    0x000022cb      0x397 .build/obj_atreus62_ernest/common/action_util.o
 .debug_line    0x00002662       0x1a .build/obj_atreus62_ernest/common/print.o
 .debug_line    0x0000267c       0x7f .build/obj_atreus62_ernest/common/debug.o
 .debug_line    0x000026fb      0x194 .build/obj_atreus62_ernest/common/util.o
 .debug_line    0x0000288f      0x15b .build/obj_atreus62_ernest/common/eeconfig.o
 .debug_line    0x000029ea      0x1e6 .build/obj_atreus62_ernest/common/avr/suspend.o
 .debug_line    0x00002bd0      0x1b6 .build/obj_atreus62_ernest/common/avr/timer.o
 .debug_line    0x00002d86       0xf3 .build/obj_atreus62_ernest/common/avr/bootloader.o
 .debug_line    0x00002e79       0xd2 .build/obj_atreus62_ernest/common/magic.o
 .debug_line    0x00002f4b      0x2cd .build/obj_atreus62_ernest/common/mousekey.o
 .debug_line    0x00003218      0x29a .build/obj_atreus62_ernest/common/command.o
 .debug_line    0x000034b2      0x643 .build/obj_atreus62_ernest/lufa.o
 .debug_line    0x00003af5      0x1fc .build/obj_atreus62_ernest/descriptor.o
 .debug_line    0x00003cf1      0x16e .build/obj_atreus62_ernest/outputselect.o
 .debug_line    0x00003e5f      0x25b .build/obj_atreus62_ernest/protocol/lufa/LUFA-git/LUFA/Drivers/USB/Class/Common/HIDParser.o
 .debug_line    0x000040ba      0x13c .build/obj_atreus62_ernest/protocol/lufa/LUFA-git/LUFA/Drivers/USB/Core/AVR8/Device_AVR8.o
 .debug_line    0x000041f6      0xc85 .build/obj_atreus62_ernest/protocol/lufa/LUFA-git/LUFA/Drivers/USB/Core/AVR8/EndpointStream_AVR8.o
 .debug_line    0x00004e7b      0x3eb .build/obj_atreus62_ernest/protocol/lufa/LUFA-git/LUFA/Drivers/USB/Core/AVR8/Endpoint_AVR8.o
 .debug_line    0x00005266       0x1a .build/obj_atreus62_ernest/protocol/lufa/LUFA-git/LUFA/Drivers/USB/Core/AVR8/Host_AVR8.o
 .debug_line    0x00005280       0x1a .build/obj_atreus62_ernest/protocol/lufa/LUFA-git/LUFA/Drivers/USB/Core/AVR8/PipeStream_AVR8.o
 .debug_line    0x0000529a       0x1a .build/obj_atreus62_ernest/protocol/lufa/LUFA-git/LUFA/Drivers/USB/Core/AVR8/Pipe_AVR8.o
 .debug_line    0x000052b4      0x2fa .build/obj_atreus62_ernest/protocol/lufa/LUFA-git/LUFA/Drivers/USB/Core/AVR8/USBController_AVR8.o
 .debug_line    0x000055ae      0x4c7 .build/obj_atreus62_ernest/protocol/lufa/LUFA-git/LUFA/Drivers/USB/Core/AVR8/USBInterrupt_AVR8.o